Archive member included to satisfy reference by file (symbol)

/usr/local/mcuxpressoide-11.0.1_2563/ide/plugins/com.nxp.mcuxpresso.tools.linux_11.0.1.201907311258/tools/bin/../lib/gcc/arm-none-eabi/8.2.1/../../../../arm-none-eabi/lib/thumb/v6-m/nofp/libcr_nohost_nf.a(_cr__main.o)
                              ./Debug/startup/startup_mkl25z4.o (__main)
/usr/local/mcuxpressoide-11.0.1_2563/ide/plugins/com.nxp.mcuxpresso.tools.linux_11.0.1.201907311258/tools/bin/../lib/gcc/arm-none-eabi/8.2.1/../../../../arm-none-eabi/lib/thumb/v6-m/nofp/libcr_nohost_nf.a(_cr_assert.o)
                              ./Debug/drivers/fsl_clock.o (__assertion_failed)
/usr/local/mcuxpressoide-11.0.1_2563/ide/plugins/com.nxp.mcuxpresso.tools.linux_11.0.1.201907311258/tools/bin/../lib/gcc/arm-none-eabi/8.2.1/../../../../arm-none-eabi/lib/thumb/v6-m/nofp/libcr_nohost_nf.a(__ciob.o)
                              /usr/local/mcuxpressoide-11.0.1_2563/ide/plugins/com.nxp.mcuxpresso.tools.linux_11.0.1.201907311258/tools/bin/../lib/gcc/arm-none-eabi/8.2.1/../../../../arm-none-eabi/lib/thumb/v6-m/nofp/libcr_nohost_nf.a(_cr_assert.o) (__Ciob)
/usr/local/mcuxpressoide-11.0.1_2563/ide/plugins/com.nxp.mcuxpresso.tools.linux_11.0.1.201907311258/tools/bin/../lib/gcc/arm-none-eabi/8.2.1/../../../../arm-none-eabi/lib/thumb/v6-m/nofp/libcr_nohost_nf.a(__sys_appexit.o)
                              /usr/local/mcuxpressoide-11.0.1_2563/ide/plugins/com.nxp.mcuxpresso.tools.linux_11.0.1.201907311258/tools/bin/../lib/gcc/arm-none-eabi/8.2.1/../../../../arm-none-eabi/lib/thumb/v6-m/nofp/libcr_nohost_nf.a(_cr_assert.o) (__sys_appexit)
/usr/local/mcuxpressoide-11.0.1_2563/ide/plugins/com.nxp.mcuxpresso.tools.linux_11.0.1.201907311258/tools/bin/../lib/gcc/arm-none-eabi/8.2.1/../../../../arm-none-eabi/lib/thumb/v6-m/nofp/libcr_c.a(memcpy.o)
                              ./Debug/drivers/fsl_flash.o (memcpy)
/usr/local/mcuxpressoide-11.0.1_2563/ide/plugins/com.nxp.mcuxpresso.tools.linux_11.0.1.201907311258/tools/bin/../lib/gcc/arm-none-eabi/8.2.1/../../../../arm-none-eabi/lib/thumb/v6-m/nofp/libcr_c.a(memset.o)
                              ./Debug/drivers/fsl_flash.o (memset)
/usr/local/mcuxpressoide-11.0.1_2563/ide/plugins/com.nxp.mcuxpresso.tools.linux_11.0.1.201907311258/tools/bin/../lib/gcc/arm-none-eabi/8.2.1/../../../../arm-none-eabi/lib/thumb/v6-m/nofp/libcr_c.a(_deferredlazyseek.o)
                              /usr/local/mcuxpressoide-11.0.1_2563/ide/plugins/com.nxp.mcuxpresso.tools.linux_11.0.1.201907311258/tools/bin/../lib/gcc/arm-none-eabi/8.2.1/../../../../arm-none-eabi/lib/thumb/v6-m/nofp/libcr_nohost_nf.a(_cr_assert.o) (__flsbuf)
/usr/local/mcuxpressoide-11.0.1_2563/ide/plugins/com.nxp.mcuxpresso.tools.linux_11.0.1.201907311258/tools/bin/../lib/gcc/arm-none-eabi/8.2.1/../../../../arm-none-eabi/lib/thumb/v6-m/nofp/libcr_c.a(_fflush.o)
                              /usr/local/mcuxpressoide-11.0.1_2563/ide/plugins/com.nxp.mcuxpresso.tools.linux_11.0.1.201907311258/tools/bin/../lib/gcc/arm-none-eabi/8.2.1/../../../../arm-none-eabi/lib/thumb/v6-m/nofp/libcr_c.a(_deferredlazyseek.o) (_fflush)
/usr/local/mcuxpressoide-11.0.1_2563/ide/plugins/com.nxp.mcuxpresso.tools.linux_11.0.1.201907311258/tools/bin/../lib/gcc/arm-none-eabi/8.2.1/../../../../arm-none-eabi/lib/thumb/v6-m/nofp/libcr_c.a(_writebuf.o)
                              /usr/local/mcuxpressoide-11.0.1_2563/ide/plugins/com.nxp.mcuxpresso.tools.linux_11.0.1.201907311258/tools/bin/../lib/gcc/arm-none-eabi/8.2.1/../../../../arm-none-eabi/lib/thumb/v6-m/nofp/libcr_c.a(_deferredlazyseek.o) (_Cwritebuf)
/usr/local/mcuxpressoide-11.0.1_2563/ide/plugins/com.nxp.mcuxpresso.tools.linux_11.0.1.201907311258/tools/bin/../lib/gcc/arm-none-eabi/8.2.1/../../../../arm-none-eabi/lib/thumb/v6-m/nofp/libcr_c.a(alloc.o)
                              ./Debug/source/circular_buffer/circular_buffer.o (malloc)
/usr/local/mcuxpressoide-11.0.1_2563/ide/plugins/com.nxp.mcuxpresso.tools.linux_11.0.1.201907311258/tools/bin/../lib/gcc/arm-none-eabi/8.2.1/../../../../arm-none-eabi/lib/thumb/v6-m/nofp/libcr_c.a(errno.o)
                              ./Debug/source/uart/uart.o (errno)
/usr/local/mcuxpressoide-11.0.1_2563/ide/plugins/com.nxp.mcuxpresso.tools.linux_11.0.1.201907311258/tools/bin/../lib/gcc/arm-none-eabi/8.2.1/../../../../arm-none-eabi/lib/thumb/v6-m/nofp/libcr_c.a(fputs.o)
                              /usr/local/mcuxpressoide-11.0.1_2563/ide/plugins/com.nxp.mcuxpresso.tools.linux_11.0.1.201907311258/tools/bin/../lib/gcc/arm-none-eabi/8.2.1/../../../../arm-none-eabi/lib/thumb/v6-m/nofp/libcr_nohost_nf.a(_cr_assert.o) (fputs)
/usr/local/mcuxpressoide-11.0.1_2563/ide/plugins/com.nxp.mcuxpresso.tools.linux_11.0.1.201907311258/tools/bin/../lib/gcc/arm-none-eabi/8.2.1/../../../../arm-none-eabi/lib/thumb/v6-m/nofp/libcr_c.a(fseek.o)
[...]
Memory Configuration

Name             Origin             Length             Attributes
PROGRAM_FLASH    0x0000000000000000 0x0000000000020000 xr
SRAM             0x000000001ffff000 0x0000000000004000 xrw
*default*        0x0000000000000000 0xffffffffffffffff

Linker script and memory map

LOAD ./Debug/source/led_control/led_control.o
LOAD ./Debug/source/circular_buffer/circular_buffer.o
LOAD ./Debug/source/logger/logger.o
LOAD ./Debug/source/logger/errno.o
LOAD ./Debug/source/logger/timestamp.o
LOAD ./Debug/source/uart/uart.o
LOAD ./Debug/source/uctest/System.o
LOAD ./Debug/startup/startup_mkl25z4.o
LOAD ./Debug/CMSIS/system_MKL25Z4.o
LOAD ./Debug/board/board.o
LOAD ./Debug/board/clock_config.o
LOAD ./Debug/board/peripherals.o
LOAD ./Debug/board/pin_mux.o
LOAD ./Debug/drivers/fsl_clock.o
LOAD ./Debug/drivers/fsl_common.o
LOAD ./Debug/drivers/fsl_flash.o
LOAD ./Debug/drivers/fsl_gpio.o
LOAD ./Debug/drivers/fsl_lpsci.o
LOAD ./Debug/drivers/fsl_smc.o
LOAD ./Debug/source/main.o
START GROUP
LOAD /usr/local/mcuxpressoide-11.0.1_2563/ide/plugins/com.nxp.mcuxpresso.tools.linux_11.0.1.201907311258/tools/bin/../lib/gcc/arm-none-eabi/8.2.1/../../../../arm-none-eabi/lib/thumb/v6-m/nofp/libcr_nohost_nf.a
LOAD /usr/local/mcuxpressoide-11.0.1_2563/ide/plugins/com.nxp.mcuxpresso.tools.linux_11.0.1.201907311258/tools/bin/../lib/gcc/arm-none-eabi/8.2.1/../../../../arm-none-eabi/lib/thumb/v6-m/nofp/libcr_c.a
LOAD /usr/local/mcuxpressoide-11.0.1_2563/ide/plugins/com.nxp.mcuxpresso.tools.linux_11.0.1.201907311258/tools/bin/../lib/gcc/arm-none-eabi/8.2.1/thumb/v6-m/nofp/libcr_eabihelpers.a
LOAD /usr/local/mcuxpressoide-11.0.1_2563/ide/plugins/com.nxp.mcuxpresso.tools.linux_11.0.1.201907311258/tools/bin/../lib/gcc/arm-none-eabi/8.2.1/thumb/v6-m/nofp/libgcc.a
END GROUP
                0x0000000000000000                __base_PROGRAM_FLASH = 0x0
                0x0000000000000000                __base_Flash = 0x0
                0x0000000000020000                __top_PROGRAM_FLASH = 0x20000
                0x0000000000020000                __top_Flash = 0x20000
                0x000000001ffff000                __base_SRAM = 0x1ffff000
                0x000000001ffff000                __base_RAM = 0x1ffff000
                0x0000000020003000                __top_SRAM = 0x20003000
                0x0000000020003000                __top_RAM = 0x20003000

.text           0x0000000000000000     0x2c74
 FILL mask 0xff
                0x0000000000000000                __vectors_start__ = ABSOLUTE (.)
 *(SORT_BY_ALIGNMENT(.isr_vector))
 .isr_vector    0x0000000000000000       0xc0 ./Debug/startup/startup_mkl25z4.o
                0x0000000000000000                __Vectors
                0x0000000000000000                g_pfnVectors
                0x00000000000000c0                . = ALIGN (0x4)
                0x00000000000000c0                __section_table_start = .
                0x00000000000000c0                __data_section_table = .
                0x00000000000000c0        0x4 LONG 0x2c74 LOADADDR (.data)
                0x00000000000000c4        0x4 LONG 0x1ffff000 ADDR (.data)
                0x00000000000000c8        0x4 LONG 0x14 SIZEOF (.data)
                0x00000000000000cc                __data_section_table_end = .
                0x00000000000000cc                __bss_section_table = .
                0x00000000000000cc        0x4 LONG 0x1ffff014 ADDR (.bss)
                0x00000000000000d0        0x4 LONG 0xdc SIZEOF (.bss)
                0x00000000000000d4                __bss_section_table_end = .
                0x00000000000000d4                __section_table_end = .
 *(SORT_BY_ALIGNMENT(.after_vectors*))
 .after_vectors.reset
                0x00000000000000d4       0x4c ./Debug/startup/startup_mkl25z4.o
                0x00000000000000d4                ResetISR
 .after_vectors.init_data
                0x0000000000000120       0x12 ./Debug/startup/startup_mkl25z4.o
                0x0000000000000120                data_init
 .after_vectors.init_bss
                0x0000000000000132       0x10 ./Debug/startup/startup_mkl25z4.o
                0x0000000000000132                bss_init
 .after_vectors
                0x0000000000000142      0x10c ./Debug/startup/startup_mkl25z4.o
                0x0000000000000142                NMI_Handler
                0x0000000000000144                HardFault_Handler
                0x0000000000000146                SVC_Handler
                0x0000000000000148                PendSV_Handler
                0x000000000000014c                PIT_DriverIRQHandler
                0x000000000000014c                Reserved39_DriverIRQHandler
                0x000000000000014c                DMA0_DriverIRQHandler
                0x000000000000014c                SPI1_DriverIRQHandler
                0x000000000000014c                LPTMR0_DriverIRQHandler
                0x000000000000014c                TPM2_DriverIRQHandler
                0x000000000000014c                TSI0_DriverIRQHandler
                0x000000000000014c                RTC_Seconds_DriverIRQHandler
                0x000000000000014c                LLWU_DriverIRQHandler
                0x000000000000014c                MCG_DriverIRQHandler
                0x000000000000014c                UART1_DriverIRQHandler
                0x000000000000014c                FTFA_DriverIRQHandler
                0x000000000000014c                IntDefaultHandler
                0x000000000000014c                USB0_DriverIRQHandler
                0x000000000000014c                DAC0_DriverIRQHandler
                0x000000000000014c                LVD_LVW_DriverIRQHandler
                0x000000000000014c                TPM0_DriverIRQHandler
                0x000000000000014c                Reserved20_DriverIRQHandler
                0x000000000000014c                DMA3_DriverIRQHandler
                0x000000000000014c                Reserved45_DriverIRQHandler
                0x000000000000014c                PORTA_DriverIRQHandler
                0x000000000000014c                TPM1_DriverIRQHandler
                0x000000000000014c                RTC_DriverIRQHandler
                0x000000000000014c                UART2_DriverIRQHandler
                0x000000000000014c                DMA1_DriverIRQHandler
                0x000000000000014c                I2C1_DriverIRQHandler
                0x000000000000014c                SPI0_DriverIRQHandler
                0x000000000000014c                ADC0_DriverIRQHandler
                0x000000000000014c                CMP0_DriverIRQHandler
                0x000000000000014c                DMA2_DriverIRQHandler
                0x000000000000014c                PORTD_DriverIRQHandler
                0x000000000000014c                I2C0_DriverIRQHandler
                0x000000000000014e                DMA0_IRQHandler
                0x0000000000000156                DMA1_IRQHandler
                0x000000000000015e                DMA2_IRQHandler
                0x0000000000000166                DMA3_IRQHandler
                0x000000000000016e                Reserved20_IRQHandler
                0x0000000000000176                FTFA_IRQHandler
                0x000000000000017e                LVD_LVW_IRQHandler
                0x0000000000000186                LLWU_IRQHandler
                0x000000000000018e                I2C0_IRQHandler
                0x0000000000000196                I2C1_IRQHandler
                0x000000000000019e                SPI0_IRQHandler
                0x00000000000001a6                SPI1_IRQHandler
                0x00000000000001ae                UART0_IRQHandler
                0x00000000000001b6                UART1_IRQHandler
                0x00000000000001be                UART2_IRQHandler
                0x00000000000001c6                ADC0_IRQHandler
                0x00000000000001ce                CMP0_IRQHandler
                0x00000000000001d6                TPM0_IRQHandler
                0x00000000000001de                TPM1_IRQHandler
                0x00000000000001e6                TPM2_IRQHandler
                0x00000000000001ee                RTC_IRQHandler
                0x00000000000001f6                RTC_Seconds_IRQHandler
                0x00000000000001fe                PIT_IRQHandler
                0x0000000000000206                Reserved39_IRQHandler
                0x000000000000020e                USB0_IRQHandler
                0x0000000000000216                DAC0_IRQHandler
                0x000000000000021e                TSI0_IRQHandler
                0x0000000000000226                MCG_IRQHandler
                0x000000000000022e                LPTMR0_IRQHandler
                0x0000000000000236                Reserved45_IRQHandler
                0x000000000000023e                PORTA_IRQHandler
                0x0000000000000246                PORTD_IRQHandler
                0x0000000000000400                . = 0x400
 *fill*         0x000000000000024e      0x1b2 ff
                0x0000000000000400                PROVIDE (__FLASH_CONFIG_START__ = .)
 *(SORT_BY_ALIGNMENT(.FlashConfig))
 .FlashConfig   0x0000000000000400       0x10 ./Debug/startup/startup_mkl25z4.o
                0x0000000000000400                Flash_Config
                0x0000000000000410                PROVIDE (__FLASH_CONFIG_END__ = .)
                0x0000000000000001                ASSERT (! ((__FLASH_CONFIG_START__ == __FLASH_CONFIG_END__)), Linker Flash Config Support Enabled, but no .FlashConfig section provided within application)
 *(SORT_BY_ALIGNMENT(.text*))
 .text.LED_Init
                0x0000000000000410       0x6c ./Debug/source/led_control/led_control.o
                0x0000000000000410                LED_Init
 .text.Turn_On_Only_LED
                0x000000000000047c       0xac ./Debug/source/led_control/led_control.o
                0x000000000000047c                Turn_On_Only_LED
 .text.Turn_Off_LEDs
                0x0000000000000528       0x3c ./Debug/source/led_control/led_control.o
                0x0000000000000528                Turn_Off_LEDs
 .text.Log_Write
                0x0000000000000564      0x118 ./Debug/source/logger/logger.o
                0x0000000000000564                Log_Write
 .text.Get_Log_Level
                0x000000000000067c       0x14 ./Debug/source/logger/logger.o
                0x000000000000067c                Get_Log_Level
 .text.Set_Log_Level
                0x0000000000000690       0x20 ./Debug/source/logger/logger.o
                0x0000000000000690                Set_Log_Level
 .text.NVIC_SetPriority
                0x00000000000006b0       0xdc ./Debug/source/logger/timestamp.o
 .text.SysTick_Config
                0x000000000000078c       0x48 ./Debug/source/logger/timestamp.o
 .text.vTimestamp_Init
                0x00000000000007d4       0x18 ./Debug/source/logger/timestamp.o
                0x00000000000007d4                vTimestamp_Init
 .text.tTimestamp_Get_Timestamp
                0x00000000000007ec       0xcc ./Debug/source/logger/timestamp.o
                0x00000000000007ec                tTimestamp_Get_Timestamp
 .text.SysTick_Handler
                0x00000000000008b8       0x18 ./Debug/source/logger/timestamp.o
                0x00000000000008b8                SysTick_Handler
 .text.uart_init
                0x00000000000008d0      0x168 ./Debug/source/uart/uart.o
                0x00000000000008d0                uart_init
 .text.uart_tx_available
                0x0000000000000a38       0x20 ./Debug/source/uart/uart.o
                0x0000000000000a38                uart_tx_available
 .text.uart_tx_action
                0x0000000000000a58       0x20 ./Debug/source/uart/uart.o
                0x0000000000000a58                uart_tx_action
 .text.uart_rx_check
                0x0000000000000a78       0x24 ./Debug/source/uart/uart.o
                0x0000000000000a78                uart_rx_check
 .text.uart_rx_action
                0x0000000000000a9c       0x14 ./Debug/source/uart/uart.o
                0x0000000000000a9c                uart_rx_action
 .text.SystemInit
                0x0000000000000ab0       0x18 ./Debug/CMSIS/system_MKL25Z4.o
                0x0000000000000ab0                SystemInit
 .text.CLOCK_SetSimSafeDivs
                0x0000000000000ac8       0x20 ./Debug/board/clock_config.o
 .text.CLOCK_SetXtal0Freq
                0x0000000000000ae8       0x1c ./Debug/board/clock_config.o
 .text.CLOCK_CONFIG_SetFllExtRefDiv
                0x0000000000000b04       0x3c ./Debug/board/clock_config.o
 .text.BOARD_BootClockRUN
                0x0000000000000b40       0x64 ./Debug/board/clock_config.o
                0x0000000000000b40                BOARD_BootClockRUN
 .text.CLOCK_EnableClock
                0x0000000000000ba4       0x34 ./Debug/board/pin_mux.o
 .text.PORT_SetPinMux
                0x0000000000000bd8       0x40 ./Debug/board/pin_mux.o
 .text.BOARD_InitPins
                0x0000000000000c18       0x4c ./Debug/board/pin_mux.o
                0x0000000000000c18                BOARD_InitPins
 .text.CLOCK_SetEr32kClock
                0x0000000000000c64       0x34 ./Debug/drivers/fsl_clock.o
 .text.CLOCK_SetPllFllSelClock
                0x0000000000000c98       0x38 ./Debug/drivers/fsl_clock.o
 .text.CLOCK_GetOscRangeFromFreq
                0x0000000000000cd0       0x4c ./Debug/drivers/fsl_clock.o
 .text.CLOCK_SetSimConfig
                0x0000000000000d1c       0x38 ./Debug/drivers/fsl_clock.o
                0x0000000000000d1c                CLOCK_SetSimConfig
 .text.CLOCK_SetInternalRefClkConfig
                0x0000000000000d54      0x124 ./Debug/drivers/fsl_clock.o
                0x0000000000000d54                CLOCK_SetInternalRefClkConfig
 .text.CLOCK_EnablePll0
                0x0000000000000e78       0x90 ./Debug/drivers/fsl_clock.o
                0x0000000000000e78                CLOCK_EnablePll0
 .text.CLOCK_InitOsc0
                0x0000000000000f08       0x94 ./Debug/drivers/fsl_clock.o
                0x0000000000000f08                CLOCK_InitOsc0
 .text.CLOCK_SetPbeMode
                0x0000000000000f9c       0xb0 ./Debug/drivers/fsl_clock.o
                0x0000000000000f9c                CLOCK_SetPbeMode
 .text.CLOCK_BootToPeeMode
                0x000000000000104c       0x70 ./Debug/drivers/fsl_clock.o
                0x000000000000104c                CLOCK_BootToPeeMode
 .text.UART0_DriverIRQHandler
                0x00000000000010bc       0x24 ./Debug/drivers/fsl_lpsci.o
                0x00000000000010bc                UART0_DriverIRQHandler
 .text.main     0x00000000000010e0       0x98 ./Debug/source/main.o
                0x00000000000010e0                main
 .text.__assertion_failed
                0x0000000000001178       0x4c /usr/local/mcuxpressoide-11.0.1_2563/ide/plugins/com.nxp.mcuxpresso.tools.linux_11.0.1.201907311258/tools/bin/../lib/gcc/arm-none-eabi/8.2.1/../../../../arm-none-eabi/lib/thumb/v6-m/nofp/libcr_nohost_nf.a(_cr_assert.o)
                0x0000000000001178                __assertion_failed
 .text._deferredlazyseek
                0x00000000000011c4       0x40 /usr/local/mcuxpressoide-11.0.1_2563/ide/plugins/com.nxp.mcuxpresso.tools.linux_11.0.1.201907311258/tools/bin/../lib/gcc/arm-none-eabi/8.2.1/../../../../arm-none-eabi/lib/thumb/v6-m/nofp/libcr_c.a(_deferredlazyseek.o)
                0x00000000000011c4                _deferredlazyseek
 .text.__flsbuf
                0x0000000000001204      0x14c /usr/local/mcuxpressoide-11.0.1_2563/ide/plugins/com.nxp.mcuxpresso.tools.linux_11.0.1.201907311258/tools/bin/../lib/gcc/arm-none-eabi/8.2.1/../../../../arm-none-eabi/lib/thumb/v6-m/nofp/libcr_c.a(_deferredlazyseek.o)
                0x0000000000001204                __flsbuf
 .text._fflush  0x0000000000001350       0x5c /usr/local/mcuxpressoide-11.0.1_2563/ide/plugins/com.nxp.mcuxpresso.tools.linux_11.0.1.201907311258/tools/bin/../lib/gcc/arm-none-eabi/8.2.1/../../../../arm-none-eabi/lib/thumb/v6-m/nofp/libcr_c.a(_fflush.o)
                0x0000000000001350                _fflush
 .text._Cwritebuf
                0x00000000000013ac       0x68 /usr/local/mcuxpressoide-11.0.1_2563/ide/plugins/com.nxp.mcuxpresso.tools.linux_11.0.1.201907311258/tools/bin/../lib/gcc/arm-none-eabi/8.2.1/../../../../arm-none-eabi/lib/thumb/v6-m/nofp/libcr_c.a(_writebuf.o)
                0x00000000000013ac                _Cwritebuf
 .text.malloc   0x0000000000001414       0xcc /usr/local/mcuxpressoide-11.0.1_2563/ide/plugins/com.nxp.mcuxpresso.tools.linux_11.0.1.201907311258/tools/bin/../lib/gcc/arm-none-eabi/8.2.1/../../../../arm-none-eabi/lib/thumb/v6-m/nofp/libcr_c.a(alloc.o)
                0x0000000000001414                malloc
 .text._Csys_alloc
                0x00000000000014e0       0x20 /usr/local/mcuxpressoide-11.0.1_2563/ide/plugins/com.nxp.mcuxpresso.tools.linux_11.0.1.201907311258/tools/bin/../lib/gcc/arm-none-eabi/8.2.1/../../../../arm-none-eabi/lib/thumb/v6-m/nofp/libcr_c.a(alloc.o)
                0x00000000000014e0                _Csys_alloc
 .text.fseek    0x0000000000001500       0xf0 /usr/local/mcuxpressoide-11.0.1_2563/ide/plugins/com.nxp.mcuxpresso.tools.linux_11.0.1.201907311258/tools/bin/../lib/gcc/arm-none-eabi/8.2.1/../../../../arm-none-eabi/lib/thumb/v6-m/nofp/libcr_c.a(fseek.o)
                0x0000000000001500                fseek
 .text.ftell    0x00000000000015f0       0x48 /usr/local/mcuxpressoide-11.0.1_2563/ide/plugins/com.nxp.mcuxpresso.tools.linux_11.0.1.201907311258/tools/bin/../lib/gcc/arm-none-eabi/8.2.1/../../../../arm-none-eabi/lib/thumb/v6-m/nofp/libcr_c.a(ftell.o)
                0x00000000000015f0                ftell
 .text._initio  0x0000000000001638       0x7c /usr/local/mcuxpressoide-11.0.1_2563/ide/plugins/com.nxp.mcuxpresso.tools.linux_11.0.1.201907311258/tools/bin/../lib/gcc/arm-none-eabi/8.2.1/../../../../arm-none-eabi/lib/thumb/v6-m/nofp/libcr_c.a(initio.o)
                0x0000000000001638                _initio
 .text.__vfprintf
                0x00000000000016b4      0xcd8 /usr/local/mcuxpressoide-11.0.1_2563/ide/plugins/com.nxp.mcuxpresso.tools.linux_11.0.1.201907311258/tools/bin/../lib/gcc/arm-none-eabi/8.2.1/../../../../arm-none-eabi/lib/thumb/v6-m/nofp/libcr_c.a(printf.o)
                0x00000000000016b4                __vfprintf
 .text._vsprintf
                0x000000000000238c       0x60 /usr/local/mcuxpressoide-11.0.1_2563/ide/plugins/com.nxp.mcuxpresso.tools.linux_11.0.1.201907311258/tools/bin/../lib/gcc/arm-none-eabi/8.2.1/../../../../arm-none-eabi/lib/thumb/v6-m/nofp/libcr_c.a(printf.o)
                0x000000000000238c                _vsprintf
 .text.setvbuf  0x00000000000023ec       0x4c /usr/local/mcuxpressoide-11.0.1_2563/ide/plugins/com.nxp.mcuxpresso.tools.linux_11.0.1.201907311258/tools/bin/../lib/gcc/arm-none-eabi/8.2.1/../../../../arm-none-eabi/lib/thumb/v6-m/nofp/libcr_c.a(setvbuf.o)
                0x00000000000023ec                setvbuf
 .text.strlen   0x0000000000002438       0x58 /usr/local/mcuxpressoide-11.0.1_2563/ide/plugins/com.nxp.mcuxpresso.tools.linux_11.0.1.201907311258/tools/bin/../lib/gcc/arm-none-eabi/8.2.1/../../../../arm-none-eabi/lib/thumb/v6-m/nofp/libcr_c.a(strlen.o)
                0x0000000000002438                strlen
 .text._sbrk    0x0000000000002490       0x40 /usr/local/mcuxpressoide-11.0.1_2563/ide/plugins/com.nxp.mcuxpresso.tools.linux_11.0.1.201907311258/tools/bin/../lib/gcc/arm-none-eabi/8.2.1/../../../../arm-none-eabi/lib/thumb/v6-m/nofp/libcr_c.a(_cr_sbrk.o)
                0x0000000000002490                _sbrk
 .text._fdopen  0x00000000000024d0       0x74 /usr/local/mcuxpressoide-11.0.1_2563/ide/plugins/com.nxp.mcuxpresso.tools.linux_11.0.1.201907311258/tools/bin/../lib/gcc/arm-none-eabi/8.2.1/../../../../arm-none-eabi/lib/thumb/v6-m/nofp/libcr_c.a(_fdopen.o)
                0x00000000000024d0                _fdopen
 .text.fclose   0x0000000000002544       0x5c /usr/local/mcuxpressoide-11.0.1_2563/ide/plugins/com.nxp.mcuxpresso.tools.linux_11.0.1.201907311258/tools/bin/../lib/gcc/arm-none-eabi/8.2.1/../../../../arm-none-eabi/lib/thumb/v6-m/nofp/libcr_c.a(fclose.o)
                0x0000000000002544                fclose
 .text.fflush   0x00000000000025a0       0x44 /usr/local/mcuxpressoide-11.0.1_2563/ide/plugins/com.nxp.mcuxpresso.tools.linux_11.0.1.201907311258/tools/bin/../lib/gcc/arm-none-eabi/8.2.1/../../../../arm-none-eabi/lib/thumb/v6-m/nofp/libcr_c.a(fflush.o)
                0x00000000000025a0                fflush
 .text.__check_heap_overflow
                0x00000000000025e4       0x14 /usr/local/mcuxpressoide-11.0.1_2563/ide/plugins/com.nxp.mcuxpresso.tools.linux_11.0.1.201907311258/tools/bin/../lib/gcc/arm-none-eabi/8.2.1/../../../../arm-none-eabi/lib/thumb/v6-m/nofp/libcr_c.a(_cr_check_heap.o)
                0x00000000000025e4                __check_heap_overflow
 .text._do_fflush
                0x00000000000025f8       0x44 /usr/local/mcuxpressoide-11.0.1_2563/ide/plugins/com.nxp.mcuxpresso.tools.linux_11.0.1.201907311258/tools/bin/../lib/gcc/arm-none-eabi/8.2.1/../../../../arm-none-eabi/lib/thumb/v6-m/nofp/libcr_c.a(_do_fflush.o)
                0x00000000000025f8                _do_fflush
 .text.cb_init_buffer
                0x000000000000263c       0x52 ./Debug/source/circular_buffer/circular_buffer.o
                0x000000000000263c                cb_init_buffer
 .text.Init     0x000000000000268e        0xe ./Debug/source/logger/logger.o
                0x000000000000268e                Init
 .text.uart_tx  0x000000000000269c       0x2a ./Debug/source/uart/uart.o
                0x000000000000269c                uart_tx
 .text.uart_rx  0x00000000000026c6       0x2e ./Debug/source/uart/uart.o
                0x00000000000026c6                uart_rx
 .text.uart_echo
                0x00000000000026f4       0x22 ./Debug/source/uart/uart.o
                0x00000000000026f4                uart_echo
 .text.uart_putchar
                0x0000000000002716       0x1c ./Debug/source/uart/uart.o
                0x0000000000002716                uart_putchar
 .text.uart_getchar
                0x0000000000002732       0x1a ./Debug/source/uart/uart.o
                0x0000000000002732                uart_getchar
 .text.put_string
                0x000000000000274c       0x3a ./Debug/source/uart/uart.o
                0x000000000000274c                put_string
 .text.vpprintf
                0x0000000000002786       0x3c ./Debug/source/uart/uart.o
                0x0000000000002786                vpprintf
 .text.pprintf  0x00000000000027c2       0x28 ./Debug/source/uart/uart.o
                0x00000000000027c2                pprintf
 .text.BOARD_InitBootClocks
                0x00000000000027ea        0xe ./Debug/board/clock_config.o
                0x00000000000027ea                BOARD_InitBootClocks
 .text.BOARD_InitBootPeripherals
                0x00000000000027f8        0xa ./Debug/board/peripherals.o
                0x00000000000027f8                BOARD_InitBootPeripherals
 .text.BOARD_InitBootPins
                0x0000000000002802        0xe ./Debug/board/pin_mux.o
                0x0000000000002802                BOARD_InitBootPins
 .text.OSC_SetExtRefClkConfig
                0x0000000000002810       0x3e ./Debug/drivers/fsl_clock.o
 .text.OSC_SetCapLoad
                0x000000000000284e       0x42 ./Debug/drivers/fsl_clock.o
 .text.CLOCK_SetExternalRefClkConfig
                0x0000000000002890       0x16 ./Debug/drivers/fsl_clock.o
                0x0000000000002890                CLOCK_SetExternalRefClkConfig
 .text.__main   0x00000000000028a6        0xc /usr/local/mcuxpressoide-11.0.1_2563/ide/plugins/com.nxp.mcuxpresso.tools.linux_11.0.1.201907311258/tools/bin/../lib/gcc/arm-none-eabi/8.2.1/../../../../arm-none-eabi/lib/thumb/v6-m/nofp/libcr_nohost_nf.a(_cr__main.o)
                0x00000000000028a6                __main
 .text.__sys_appexit
                0x00000000000028b2        0x2 /usr/local/mcuxpressoide-11.0.1_2563/ide/plugins/com.nxp.mcuxpresso.tools.linux_11.0.1.201907311258/tools/bin/../lib/gcc/arm-none-eabi/8.2.1/../../../../arm-none-eabi/lib/thumb/v6-m/nofp/libcr_nohost_nf.a(__sys_appexit.o)
                0x00000000000028b2                __exit
                0x00000000000028b2                __sys_appexit
 .text.memset   0x00000000000028b4        0x8 /usr/local/mcuxpressoide-11.0.1_2563/ide/plugins/com.nxp.mcuxpresso.tools.linux_11.0.1.201907311258/tools/bin/../lib/gcc/arm-none-eabi/8.2.1/../../../../arm-none-eabi/lib/thumb/v6-m/nofp/libcr_c.a(memset.o)
                0x00000000000028b4                memset
 .text.free     0x00000000000028bc       0x2c /usr/local/mcuxpressoide-11.0.1_2563/ide/plugins/com.nxp.mcuxpresso.tools.linux_11.0.1.201907311258/tools/bin/../lib/gcc/arm-none-eabi/8.2.1/../../../../arm-none-eabi/lib/thumb/v6-m/nofp/libcr_c.a(alloc.o)
                0x00000000000028bc                free
 .text.fputs    0x00000000000028e8       0x2e /usr/local/mcuxpressoide-11.0.1_2563/ide/plugins/com.nxp.mcuxpresso.tools.linux_11.0.1.201907311258/tools/bin/../lib/gcc/arm-none-eabi/8.2.1/../../../../arm-none-eabi/lib/thumb/v6-m/nofp/libcr_c.a(fputs.o)
                0x00000000000028e8                fputs
 .text.no_fp_display
                0x0000000000002916        0x4 /usr/local/mcuxpressoide-11.0.1_2563/ide/plugins/com.nxp.mcuxpresso.tools.linux_11.0.1.201907311258/tools/bin/../lib/gcc/arm-none-eabi/8.2.1/../../../../arm-none-eabi/lib/thumb/v6-m/nofp/libcr_c.a(printf.o)
 .text.remove   0x000000000000291a       0x12 /usr/local/mcuxpressoide-11.0.1_2563/ide/plugins/com.nxp.mcuxpresso.tools.linux_11.0.1.201907311258/tools/bin/../lib/gcc/arm-none-eabi/8.2.1/../../../../arm-none-eabi/lib/thumb/v6-m/nofp/libcr_c.a(remove.o)
                0x000000000000291a                remove
 .text.__aeabi_division_idivmod
                0x000000000000292c       0x78 /usr/local/mcuxpressoide-11.0.1_2563/ide/plugins/com.nxp.mcuxpresso.tools.linux_11.0.1.201907311258/tools/bin/../lib/gcc/arm-none-eabi/8.2.1/thumb/v6-m/nofp/libcr_eabihelpers.a(division_32.o)
                0x000000000000292c                __aeabi_idiv
                0x000000000000292c                __aeabi_idivmod
                0x0000000000002932                __aeabi_uidiv
                0x0000000000002932                __aeabi_uidivmod
 .text.__aeabi_division_idiv0
                0x00000000000029a4        0x2 /usr/local/mcuxpressoide-11.0.1_2563/ide/plugins/com.nxp.mcuxpresso.tools.linux_11.0.1.201907311258/tools/bin/../lib/gcc/arm-none-eabi/8.2.1/thumb/v6-m/nofp/libcr_eabihelpers.a(division_idiv0.o)
                0x00000000000029a4                __aeabi_idiv0
 .text.__aeabi_llong_lmul
                0x00000000000029a6       0x2e /usr/local/mcuxpressoide-11.0.1_2563/ide/plugins/com.nxp.mcuxpresso.tools.linux_11.0.1.201907311258/tools/bin/../lib/gcc/arm-none-eabi/8.2.1/thumb/v6-m/nofp/libcr_eabihelpers.a(llong.o)
                0x00000000000029a6                __aeabi_lmul
 .text.__aeabi_memset_lowlevel
                0x00000000000029d4       0x2a /usr/local/mcuxpressoide-11.0.1_2563/ide/plugins/com.nxp.mcuxpresso.tools.linux_11.0.1.201907311258/tools/bin/../lib/gcc/arm-none-eabi/8.2.1/thumb/v6-m/nofp/libcr_eabihelpers.a(memcpy.o)
                0x00000000000029d4                __aeabi_lowlevel_memset
 .text.__sys_close
                0x00000000000029fe        0x6 /usr/local/mcuxpressoide-11.0.1_2563/ide/plugins/com.nxp.mcuxpresso.tools.linux_11.0.1.201907311258/tools/bin/../lib/gcc/arm-none-eabi/8.2.1/../../../../arm-none-eabi/lib/thumb/v6-m/nofp/libcr_nohost_nf.a(__sys_close.o)
                0x00000000000029fe                __sys_close
 .text.__sys_flen
                0x0000000000002a04        0x6 /usr/local/mcuxpressoide-11.0.1_2563/ide/plugins/com.nxp.mcuxpresso.tools.linux_11.0.1.201907311258/tools/bin/../lib/gcc/arm-none-eabi/8.2.1/../../../../arm-none-eabi/lib/thumb/v6-m/nofp/libcr_nohost_nf.a(__sys_flen.o)
                0x0000000000002a04                __sys_flen
 .text.__sys_istty
                0x0000000000002a0a        0x6 /usr/local/mcuxpressoide-11.0.1_2563/ide/plugins/com.nxp.mcuxpresso.tools.linux_11.0.1.201907311258/tools/bin/../lib/gcc/arm-none-eabi/8.2.1/../../../../arm-none-eabi/lib/thumb/v6-m/nofp/libcr_nohost_nf.a(__sys_istty.o)
                0x0000000000002a0a                __sys_istty
 .text.__sys_remove
                0x0000000000002a10        0x6 /usr/local/mcuxpressoide-11.0.1_2563/ide/plugins/com.nxp.mcuxpresso.tools.linux_11.0.1.201907311258/tools/bin/../lib/gcc/arm-none-eabi/8.2.1/../../../../arm-none-eabi/lib/thumb/v6-m/nofp/libcr_nohost_nf.a(__sys_remove.o)
                0x0000000000002a10                __sys_remove
 .text.__sys_seek
                0x0000000000002a16        0x6 /usr/local/mcuxpressoide-11.0.1_2563/ide/plugins/com.nxp.mcuxpresso.tools.linux_11.0.1.201907311258/tools/bin/../lib/gcc/arm-none-eabi/8.2.1/../../../../arm-none-eabi/lib/thumb/v6-m/nofp/libcr_nohost_nf.a(__sys_seek.o)
                0x0000000000002a16                __sys_seek
 .text.__sys_tmpnam
                0x0000000000002a1c        0x6 /usr/local/mcuxpressoide-11.0.1_2563/ide/plugins/com.nxp.mcuxpresso.tools.linux_11.0.1.201907311258/tools/bin/../lib/gcc/arm-none-eabi/8.2.1/../../../../arm-none-eabi/lib/thumb/v6-m/nofp/libcr_nohost_nf.a(__sys_tmpnam.o)
                0x0000000000002a1c                __sys_tmpnam
 .text.__sys_write
                0x0000000000002a22        0x4 /usr/local/mcuxpressoide-11.0.1_2563/ide/plugins/com.nxp.mcuxpresso.tools.linux_11.0.1.201907311258/tools/bin/../lib/gcc/arm-none-eabi/8.2.1/../../../../arm-none-eabi/lib/thumb/v6-m/nofp/libcr_nohost_nf.a(__sys_write.o)
                0x0000000000002a22                __sys_write
 *(SORT_BY_ALIGNMENT(.rodata) SORT_BY_ALIGNMENT(.rodata.*) SORT_BY_ALIGNMENT(.constdata) SORT_BY_ALIGNMENT(.constdata.*))
 *fill*         0x0000000000002a26        0x2 ff
 .rodata        0x0000000000002a28       0x5d ./Debug/source/logger/logger.o
 *fill*         0x0000000000002a85        0x3 ff
 .rodata.logger
                0x0000000000002a88       0x10 ./Debug/source/logger/logger.o
                0x0000000000002a88                logger
 .rodata.mcgConfig_BOARD_BootClockRUN
                0x0000000000002a98        0xa ./Debug/board/clock_config.o
                0x0000000000002a98                mcgConfig_BOARD_BootClockRUN
 *fill*         0x0000000000002aa2        0x2 ff
 .rodata.simConfig_BOARD_BootClockRUN
                0x0000000000002aa4        0x8 ./Debug/board/clock_config.o
                0x0000000000002aa4                simConfig_BOARD_BootClockRUN
 .rodata.oscConfig_BOARD_BootClockRUN
                0x0000000000002aac        0x8 ./Debug/board/clock_config.o
                0x0000000000002aac                oscConfig_BOARD_BootClockRUN
 .rodata        0x0000000000002ab4      0x10a ./Debug/drivers/fsl_clock.o
 *fill*         0x0000000000002bbe        0x2 ff
 .rodata        0x0000000000002bc0       0x40 ./Debug/source/main.o
 .rodata.__func__.5637
                0x0000000000002c00        0x5 ./Debug/source/main.o
 *fill*         0x0000000000002c05        0x3 ff
 .rodata.__num_Ciob_streams
                0x0000000000002c08        0x4 /usr/local/mcuxpressoide-11.0.1_2563/ide/plugins/com.nxp.mcuxpresso.tools.linux_11.0.1.201907311258/tools/bin/../lib/gcc/arm-none-eabi/8.2.1/../../../../arm-none-eabi/lib/thumb/v6-m/nofp/libcr_nohost_nf.a(__ciob.o)
                0x0000000000002c08                __num_Ciob_streams
 .rodata.__assertion_failed.str1.1
                0x0000000000002c0c       0x15 /usr/local/mcuxpressoide-11.0.1_2563/ide/plugins/com.nxp.mcuxpresso.tools.linux_11.0.1.201907311258/tools/bin/../lib/gcc/arm-none-eabi/8.2.1/../../../../arm-none-eabi/lib/thumb/v6-m/nofp/libcr_nohost_nf.a(_cr_assert.o)
 .rodata._Csys_alloc.str1.1
                0x0000000000002c21       0x18 /usr/local/mcuxpressoide-11.0.1_2563/ide/plugins/com.nxp.mcuxpresso.tools.linux_11.0.1.201907311258/tools/bin/../lib/gcc/arm-none-eabi/8.2.1/../../../../arm-none-eabi/lib/thumb/v6-m/nofp/libcr_c.a(alloc.o)
 .rodata._initio.str1.1
                0x0000000000002c39        0x4 /usr/local/mcuxpressoide-11.0.1_2563/ide/plugins/com.nxp.mcuxpresso.tools.linux_11.0.1.201907311258/tools/bin/../lib/gcc/arm-none-eabi/8.2.1/../../../../arm-none-eabi/lib/thumb/v6-m/nofp/libcr_c.a(initio.o)
 .rodata.__vfprintf.str1.1
                0x0000000000002c3d       0x35 /usr/local/mcuxpressoide-11.0.1_2563/ide/plugins/com.nxp.mcuxpresso.tools.linux_11.0.1.201907311258/tools/bin/../lib/gcc/arm-none-eabi/8.2.1/../../../../arm-none-eabi/lib/thumb/v6-m/nofp/libcr_c.a(printf.o)
                                         0x38 (size before relaxing)
                0x0000000000002c74                . = ALIGN (0x4)
 *fill*         0x0000000000002c72        0x2 ff

.glue_7         0x0000000000002c74        0x0
 .glue_7        0x0000000000002c74        0x0 linker stubs

.glue_7t        0x0000000000002c74        0x0
 .glue_7t       0x0000000000002c74        0x0 linker stubs

.vfp11_veneer   0x0000000000002c74        0x0
 .vfp11_veneer  0x0000000000002c74        0x0 linker stubs

.v4_bx          0x0000000000002c74        0x0
 .v4_bx         0x0000000000002c74        0x0 linker stubs

.iplt           0x0000000000002c74        0x0
 .iplt          0x0000000000002c74        0x0 ./Debug/source/led_control/led_control.o

.rel.dyn        0x0000000000002c74        0x0
 .rel.iplt      0x0000000000002c74        0x0 ./Debug/source/led_control/led_control.o

.ARM.extab
 *(SORT_BY_ALIGNMENT(.ARM.extab*) SORT_BY_ALIGNMENT(.gnu.linkonce.armextab.*))
                0x0000000000002c74                __exidx_start = .

.ARM.exidx
 *(SORT_BY_ALIGNMENT(.ARM.exidx*) SORT_BY_ALIGNMENT(.gnu.linkonce.armexidx.*))
                0x0000000000002c74                __exidx_end = .
                0x0000000000002c74                _etext = .

.m_usb_data
 *(SORT_BY_ALIGNMENT(m_usb_bdt))

.mtb_buffer_default
 *(SORT_BY_ALIGNMENT(.mtb*))

.uninit_RESERVED
                0x000000001ffff000        0x0
                0x000000001ffff000                . = ALIGN (0x4)
 *(SORT_BY_ALIGNMENT(.bss.$RESERVED*))
                0x000000001ffff000                . = ALIGN (0x4)
                0x000000001ffff000                _end_uninit_RESERVED = .

.data           0x000000001ffff000       0x14 load address 0x0000000000002c74
 FILL mask 0xff
                0x000000001ffff000                _data = .
 *(SORT_BY_ALIGNMENT(vtable))
 *(SORT_BY_ALIGNMENT(.ramfunc*))
 *(SORT_BY_ALIGNMENT(CodeQuickAccess))
 *(SORT_BY_ALIGNMENT(DataQuickAccess))
 *(SORT_BY_ALIGNMENT(RamFunction))
 *(SORT_BY_ALIGNMENT(.data*))
 .data.red      0x000000001ffff000        0x4 ./Debug/source/logger/logger.o
                0x000000001ffff000                red
 .data.green    0x000000001ffff004        0x4 ./Debug/source/logger/logger.o
                0x000000001ffff004                green
 .data.blue     0x000000001ffff008        0x4 ./Debug/source/logger/logger.o
                0x000000001ffff008                blue
 .data.end      0x000000001ffff00c        0x4 ./Debug/source/logger/logger.o
                0x000000001ffff00c                end
 .data.SystemCoreClock
                0x000000001ffff010        0x4 ./Debug/CMSIS/system_MKL25Z4.o
                0x000000001ffff010                SystemCoreClock
                0x000000001ffff014                . = ALIGN (0x4)
                0x000000001ffff014                _edata = .

.igot.plt       0x000000001ffff014        0x0 load address 0x0000000000002c88
 .igot.plt      0x000000001ffff014        0x0 ./Debug/source/led_control/led_control.o

.bss            0x000000001ffff014       0xdc load address 0x0000000000002c88
                0x000000001ffff014                . = ALIGN (0x4)
                0x000000001ffff014                _bss = .
 *(SORT_BY_ALIGNMENT(.bss*))
 .bss.thisLogger
                0x000000001ffff014        0x1 ./Debug/source/logger/logger.o
                0x000000001ffff014                thisLogger
 *fill*         0x000000001ffff015        0x3 
 .bss.deciseconds
                0x000000001ffff018        0x4 ./Debug/source/logger/timestamp.o
                0x000000001ffff018                deciseconds
 .bss.g_xtal0Freq
                0x000000001ffff01c        0x4 ./Debug/drivers/fsl_clock.o
                0x000000001ffff01c                g_xtal0Freq
 .bss.s_lpsciHandle
                0x000000001ffff020        0x4 ./Debug/drivers/fsl_lpsci.o
 .bss.s_lpsciIsr
                0x000000001ffff024        0x4 ./Debug/drivers/fsl_lpsci.o
 .bss.rx_buffer
                0x000000001ffff028        0x4 ./Debug/source/main.o
                0x000000001ffff028                rx_buffer
 .bss.tx_buffer
                0x000000001ffff02c        0x4 ./Debug/source/main.o
                0x000000001ffff02c                tx_buffer
 .bss.__Ciob    0x000000001ffff030       0xb4 /usr/local/mcuxpressoide-11.0.1_2563/ide/plugins/com.nxp.mcuxpresso.tools.linux_11.0.1.201907311258/tools/bin/../lib/gcc/arm-none-eabi/8.2.1/../../../../arm-none-eabi/lib/thumb/v6-m/nofp/libcr_nohost_nf.a(__ciob.o)
                0x000000001ffff030                __Ciob
 .bss.errno     0x000000001ffff0e4        0x4 /usr/local/mcuxpressoide-11.0.1_2563/ide/plugins/com.nxp.mcuxpresso.tools.linux_11.0.1.201907311258/tools/bin/../lib/gcc/arm-none-eabi/8.2.1/../../../../arm-none-eabi/lib/thumb/v6-m/nofp/libcr_c.a(errno.o)
                0x000000001ffff0e4                errno
 .bss.__end_of_heap
                0x000000001ffff0e8        0x4 /usr/local/mcuxpressoide-11.0.1_2563/ide/plugins/com.nxp.mcuxpresso.tools.linux_11.0.1.201907311258/tools/bin/../lib/gcc/arm-none-eabi/8.2.1/../../../../arm-none-eabi/lib/thumb/v6-m/nofp/libcr_c.a(__init_alloc.o)
                0x000000001ffff0e8                __end_of_heap
 .bss.__heaps   0x000000001ffff0ec        0x4 /usr/local/mcuxpressoide-11.0.1_2563/ide/plugins/com.nxp.mcuxpresso.tools.linux_11.0.1.201907311258/tools/bin/../lib/gcc/arm-none-eabi/8.2.1/../../../../arm-none-eabi/lib/thumb/v6-m/nofp/libcr_c.a(__init_alloc.o)
                0x000000001ffff0ec                __heaps
 *(SORT_BY_ALIGNMENT(COMMON))
                0x000000001ffff0f0                . = ALIGN (0x4)
                0x000000001ffff0f0                _ebss = .
                [!provide]                        PROVIDE (end = .)

.noinit         0x000000001ffff0f0        0x0 load address 0x0000000000002c88
                0x000000001ffff0f0                . = ALIGN (0x4)
                0x000000001ffff0f0                _noinit = .
 *(SORT_BY_ALIGNMENT(.noinit*))
                0x000000001ffff0f0                . = ALIGN (0x4)
                0x000000001ffff0f0                _end_noinit = .
                0x0000000000000800                _HeapSize = 0x800

.heap           0x000000001ffff0f0      0x800 load address 0x0000000000002c88
                0x000000001ffff0f0                _pvHeapStart = .
                0x000000001ffff8f0                . = (. + _HeapSize)
 *fill*         0x000000001ffff0f0      0x800 
                0x000000001ffff8f0                . = ALIGN (0x4)
                0x000000001ffff8f0                _pvHeapLimit = .
                0x0000000000000400                _StackSize = 0x400

.heap2stackfill
                0x000000001ffff8f0      0x400 load address 0x0000000000002c88
                0x000000001ffffcf0                . = (. + _StackSize)
 *fill*         0x000000001ffff8f0      0x400 

.stack          0x0000000020002c00        0x0
                0x0000000020002c00                _vStackBase = .
                0x0000000020002c00                . = ALIGN (0x4)
                0x0000000020003000                _vStackTop = (. + _StackSize)
                0x0000000000000000                _image_start = LOADADDR (.text)
                0x0000000000002c88                _image_end = (LOADADDR (.data) + SIZEOF (.data))
                0x0000000000002c88                _image_size = (_image_end - _image_start)
OUTPUT(./Debug/pes_project_5.axf elf32-littlearm)

.debug_info     0x0000000000000000     0x7633
 .debug_info    0x0000000000000000      0x796 ./Debug/source/led_control/led_control.o
 .debug_info    0x0000000000000796      0x331 ./Debug/source/circular_buffer/circular_buffer.o
 .debug_info    0x0000000000000ac7      0x5d5 ./Debug/source/logger/logger.o
 .debug_info    0x000000000000109c      0x4ee ./Debug/source/logger/timestamp.o
 .debug_info    0x000000000000158a      0xcdd ./Debug/source/uart/uart.o
 .debug_info    0x0000000000002267      0x4df ./Debug/startup/startup_mkl25z4.o
 .debug_info    0x0000000000002746      0x439 ./Debug/CMSIS/system_MKL25Z4.o
 .debug_info    0x0000000000002b7f      0xb00 ./Debug/board/clock_config.o
 .debug_info    0x000000000000367f       0x3c ./Debug/board/peripherals.o
 .debug_info    0x00000000000036bb      0x5a3 ./Debug/board/pin_mux.o
 .debug_info    0x0000000000003c5e     0x1a97 ./Debug/drivers/fsl_clock.o
 .debug_info    0x00000000000056f5     0x1469 ./Debug/drivers/fsl_lpsci.o
 .debug_info    0x0000000000006b5e      0xad5 ./Debug/source/main.o

.debug_abbrev   0x0000000000000000     0x1957
 .debug_abbrev  0x0000000000000000      0x1de ./Debug/source/led_control/led_control.o
 .debug_abbrev  0x00000000000001de      0x13c ./Debug/source/circular_buffer/circular_buffer.o
 .debug_abbrev  0x000000000000031a      0x1fd ./Debug/source/logger/logger.o
 .debug_abbrev  0x0000000000000517      0x20a ./Debug/source/logger/timestamp.o
 .debug_abbrev  0x0000000000000721      0x2fa ./Debug/source/uart/uart.o
 .debug_abbrev  0x0000000000000a1b      0x18d ./Debug/startup/startup_mkl25z4.o
 .debug_abbrev  0x0000000000000ba8      0x156 ./Debug/CMSIS/system_MKL25Z4.o
 .debug_abbrev  0x0000000000000cfe      0x220 ./Debug/board/clock_config.o
 .debug_abbrev  0x0000000000000f1e       0x31 ./Debug/board/peripherals.o
 .debug_abbrev  0x0000000000000f4f      0x1bb ./Debug/board/pin_mux.o
 .debug_abbrev  0x000000000000110a      0x36f ./Debug/drivers/fsl_clock.o
 .debug_abbrev  0x0000000000001479      0x309 ./Debug/drivers/fsl_lpsci.o
 .debug_abbrev  0x0000000000001782      0x1d5 ./Debug/source/main.o

.debug_aranges  0x0000000000000000      0x6d0
 .debug_aranges
                0x0000000000000000       0x30 ./Debug/source/led_control/led_control.o
 .debug_aranges
                0x0000000000000030       0x50 ./Debug/source/circular_buffer/circular_buffer.o
 .debug_aranges
                0x0000000000000080       0x38 ./Debug/source/logger/logger.o
 .debug_aranges
                0x00000000000000b8       0x40 ./Debug/source/logger/timestamp.o
 .debug_aranges
                0x00000000000000f8       0x90 ./Debug/source/uart/uart.o
 .debug_aranges
                0x0000000000000188      0x160 ./Debug/startup/startup_mkl25z4.o
 .debug_aranges
                0x00000000000002e8       0x28 ./Debug/CMSIS/system_MKL25Z4.o
 .debug_aranges
                0x0000000000000310       0x58 ./Debug/board/clock_config.o
 .debug_aranges
                0x0000000000000368       0x20 ./Debug/board/peripherals.o
 .debug_aranges
                0x0000000000000388       0x38 ./Debug/board/pin_mux.o
 .debug_aranges
                0x00000000000003c0      0x1d8 ./Debug/drivers/fsl_clock.o
 .debug_aranges
                0x0000000000000598      0x118 ./Debug/drivers/fsl_lpsci.o
 .debug_aranges
                0x00000000000006b0       0x20 ./Debug/source/main.o

.debug_ranges   0x0000000000000000      0x600
 .debug_ranges  0x0000000000000000       0x20 ./Debug/source/led_control/led_control.o
 .debug_ranges  0x0000000000000020       0x40 ./Debug/source/circular_buffer/circular_buffer.o
 .debug_ranges  0x0000000000000060       0x28 ./Debug/source/logger/logger.o
 .debug_ranges  0x0000000000000088       0x30 ./Debug/source/logger/timestamp.o
 .debug_ranges  0x00000000000000b8       0x80 ./Debug/source/uart/uart.o
 .debug_ranges  0x0000000000000138      0x150 ./Debug/startup/startup_mkl25z4.o
 .debug_ranges  0x0000000000000288       0x18 ./Debug/CMSIS/system_MKL25Z4.o
 .debug_ranges  0x00000000000002a0       0x48 ./Debug/board/clock_config.o
 .debug_ranges  0x00000000000002e8       0x10 ./Debug/board/peripherals.o
 .debug_ranges  0x00000000000002f8       0x28 ./Debug/board/pin_mux.o
 .debug_ranges  0x0000000000000320      0x1c8 ./Debug/drivers/fsl_clock.o
 .debug_ranges  0x00000000000004e8      0x108 ./Debug/drivers/fsl_lpsci.o
 .debug_ranges  0x00000000000005f0       0x10 ./Debug/source/main.o

.debug_macro    0x0000000000000000     0x944c
 .debug_macro   0x0000000000000000      0x117 ./Debug/source/led_control/led_control.o
 .debug_macro   0x0000000000000117      0xab4 ./Debug/source/led_control/led_control.o
 .debug_macro   0x0000000000000bcb       0x10 ./Debug/source/led_control/led_control.o
 .debug_macro   0x0000000000000bdb      0x12e ./Debug/source/led_control/led_control.o
 .debug_macro   0x0000000000000d09      0x5b3 ./Debug/source/led_control/led_control.o
 .debug_macro   0x00000000000012bc       0x3f ./Debug/source/led_control/led_control.o
 .debug_macro   0x00000000000012fb       0x3a ./Debug/source/led_control/led_control.o
 .debug_macro   0x0000000000001335       0x26 ./Debug/source/led_control/led_control.o
 .debug_macro   0x000000000000135b      0x329 ./Debug/source/led_control/led_control.o
 .debug_macro   0x0000000000001684       0x30 ./Debug/source/led_control/led_control.o
 .debug_macro   0x00000000000016b4     0x51e2 ./Debug/source/led_control/led_control.o
 .debug_macro   0x0000000000006896       0x1c ./Debug/source/led_control/led_control.o
 .debug_macro   0x00000000000068b2       0xd8 ./Debug/source/led_control/led_control.o
 .debug_macro   0x000000000000698a       0x22 ./Debug/source/led_control/led_control.o
 .debug_macro   0x00000000000069ac       0x16 ./Debug/source/led_control/led_control.o
 .debug_macro   0x00000000000069c2       0x16 ./Debug/source/led_control/led_control.o
 .debug_macro   0x00000000000069d8       0x2e ./Debug/source/led_control/led_control.o
 .debug_macro   0x0000000000006a06       0x16 ./Debug/source/led_control/led_control.o
 .debug_macro   0x0000000000006a1c       0xa4 ./Debug/source/circular_buffer/circular_buffer.o
 .debug_macro   0x0000000000006ac0       0x28 ./Debug/source/circular_buffer/circular_buffer.o
 .debug_macro   0x0000000000006ae8       0x10 ./Debug/source/circular_buffer/circular_buffer.o
 .debug_macro   0x0000000000006af8      0x113 ./Debug/source/logger/logger.o
 .debug_macro   0x0000000000006c0b       0x98 ./Debug/source/logger/timestamp.o
 .debug_macro   0x0000000000006ca3       0x34 ./Debug/source/logger/timestamp.o
 .debug_macro   0x0000000000006cd7      0x113 ./Debug/source/uart/uart.o
 .debug_macro   0x0000000000006dea       0x29 ./Debug/startup/startup_mkl25z4.o
 .debug_macro   0x0000000000006e13       0x94 ./Debug/CMSIS/system_MKL25Z4.o
 .debug_macro   0x0000000000006ea7       0x10 ./Debug/CMSIS/system_MKL25Z4.o
 .debug_macro   0x0000000000006eb7     0x1352 ./Debug/CMSIS/system_MKL25Z4.o
 .debug_macro   0x0000000000008209      0x123 ./Debug/board/clock_config.o
 .debug_macro   0x000000000000832c       0x1c ./Debug/board/clock_config.o
 .debug_macro   0x0000000000008348       0x1b ./Debug/board/peripherals.o
 .debug_macro   0x0000000000008363      0x107 ./Debug/board/pin_mux.o
 .debug_macro   0x000000000000846a       0x10 ./Debug/board/pin_mux.o
 .debug_macro   0x000000000000847a      0x196 ./Debug/drivers/fsl_clock.o
 .debug_macro   0x0000000000008610       0xec ./Debug/drivers/fsl_lpsci.o
 .debug_macro   0x00000000000086fc      0x1c4 ./Debug/source/main.o
 .debug_macro   0x00000000000088c0      0xaba ./Debug/source/main.o
 .debug_macro   0x000000000000937a       0xd2 ./Debug/source/main.o

.debug_line     0x0000000000000000     0x4284
 .debug_line    0x0000000000000000      0x347 ./Debug/source/led_control/led_control.o
 .debug_line    0x0000000000000347      0x3d4 ./Debug/source/circular_buffer/circular_buffer.o
 .debug_line    0x000000000000071b      0x363 ./Debug/source/logger/logger.o
 .debug_line    0x0000000000000a7e      0x307 ./Debug/source/logger/timestamp.o
 .debug_line    0x0000000000000d85      0x561 ./Debug/source/uart/uart.o
 .debug_line    0x00000000000012e6      0x1e4 ./Debug/startup/startup_mkl25z4.o
 .debug_line    0x00000000000014ca      0x344 ./Debug/CMSIS/system_MKL25Z4.o
 .debug_line    0x000000000000180e      0x372 ./Debug/board/clock_config.o
 .debug_line    0x0000000000001b80       0x59 ./Debug/board/peripherals.o
 .debug_line    0x0000000000001bd9      0x2f9 ./Debug/board/pin_mux.o
 .debug_line    0x0000000000001ed2     0x12b3 ./Debug/drivers/fsl_clock.o
 .debug_line    0x0000000000003185      0xd34 ./Debug/drivers/fsl_lpsci.o
 .debug_line    0x0000000000003eb9      0x3cb ./Debug/source/main.o

.debug_str      0x0000000000000000    0x34e76
 .debug_str     0x0000000000000000    0x293fe ./Debug/source/led_control/led_control.o
                                      0x29620 (size before relaxing)
 .debug_str     0x00000000000293fe      0x178 ./Debug/source/circular_buffer/circular_buffer.o
                                      0x28fe2 (size before relaxing)
 .debug_str     0x0000000000029576       0xb1 ./Debug/source/logger/logger.o
                                      0x29568 (size before relaxing)
 .debug_str     0x0000000000029627      0x2c5 ./Debug/source/logger/timestamp.o
                                      0x2907e (size before relaxing)
 .debug_str     0x00000000000298ec      0x2ca ./Debug/source/uart/uart.o
                                      0x29967 (size before relaxing)
 .debug_str     0x0000000000029bb6      0x3ce ./Debug/startup/startup_mkl25z4.o
                                       0x31c5 (size before relaxing)
 .debug_str     0x0000000000029f84     0x6e2b ./Debug/CMSIS/system_MKL25Z4.o
                                      0x2fc36 (size before relaxing)
 .debug_str     0x0000000000030daf     0x15c0 ./Debug/board/clock_config.o
                                      0x311fa (size before relaxing)
 .debug_str     0x000000000003236f       0x3f ./Debug/board/peripherals.o
                                       0x2dcf (size before relaxing)
 .debug_str     0x00000000000323ae      0x37c ./Debug/board/pin_mux.o
                                      0x3095d (size before relaxing)
 .debug_str     0x000000000003272a     0x1321 ./Debug/drivers/fsl_clock.o
                                      0x322cc (size before relaxing)
 .debug_str     0x0000000000033a4b      0xaae ./Debug/drivers/fsl_lpsci.o
                                      0x318d4 (size before relaxing)
 .debug_str     0x00000000000344f9      0x97d ./Debug/source/main.o
                                      0x32006 (size before relaxing)

.comment        0x0000000000000000       0x75
 .comment       0x0000000000000000       0x75 ./Debug/source/led_control/led_control.o
                                         0x76 (size before relaxing)
 .comment       0x0000000000000075       0x76 ./Debug/source/circular_buffer/circular_buffer.o
 .comment       0x0000000000000075       0x76 ./Debug/source/logger/logger.o
 .comment       0x0000000000000075       0x76 ./Debug/source/logger/timestamp.o
 .comment       0x0000000000000075       0x76 ./Debug/source/uart/uart.o
 .comment       0x0000000000000075       0x76 ./Debug/startup/startup_mkl25z4.o
 .comment       0x0000000000000075       0x76 ./Debug/CMSIS/system_MKL25Z4.o
 .comment       0x0000000000000075       0x76 ./Debug/board/clock_config.o
 .comment       0x0000000000000075       0x76 ./Debug/board/peripherals.o
 .comment       0x0000000000000075       0x76 ./Debug/board/pin_mux.o
 .comment       0x0000000000000075       0x76 ./Debug/drivers/fsl_clock.o
 .comment       0x0000000000000075       0x76 ./Debug/drivers/fsl_lpsci.o
 .comment       0x0000000000000075       0x76 ./Debug/source/main.o
 .comment       0x0000000000000075       0x76 /usr/local/mcuxpressoide-11.0.1_2563/ide/plugins/com.nxp.mcuxpresso.tools.linux_11.0.1.201907311258/tools/bin/../lib/gcc/arm-none-eabi/8.2.1/../../../../arm-none-eabi/lib/thumb/v6-m/nofp/libcr_nohost_nf.a(_cr__main.o)
 .comment       0x0000000000000075       0x76 /usr/local/mcuxpressoide-11.0.1_2563/ide/plugins/com.nxp.mcuxpresso.tools.linux_11.0.1.201907311258/tools/bin/../lib/gcc/arm-none-eabi/8.2.1/../../../../arm-none-eabi/lib/thumb/v6-m/nofp/libcr_nohost_nf.a(_cr_assert.o)
 .comment       0x0000000000000075       0x76 /usr/local/mcuxpressoide-11.0.1_2563/ide/plugins/com.nxp.mcuxpresso.tools.linux_11.0.1.201907311258/tools/bin/../lib/gcc/arm-none-eabi/8.2.1/../../../../arm-none-eabi/lib/thumb/v6-m/nofp/libcr_nohost_nf.a(__ciob.o)
 .comment       0x0000000000000075       0x76 /usr/local/mcuxpressoide-11.0.1_2563/ide/plugins/com.nxp.mcuxpresso.tools.linux_11.0.1.201907311258/tools/bin/../lib/gcc/arm-none-eabi/8.2.1/../../../../arm-none-eabi/lib/thumb/v6-m/nofp/libcr_nohost_nf.a(__sys_appexit.o)
 .comment       0x0000000000000075       0x76 /usr/local/mcuxpressoide-11.0.1_2563/ide/plugins/com.nxp.mcuxpresso.tools.linux_11.0.1.201907311258/tools/bin/../lib/gcc/arm-none-eabi/8.2.1/../../../../arm-none-eabi/lib/thumb/v6-m/nofp/libcr_c.a(memset.o)
 .comment       0x0000000000000075       0x76 /usr/local/mcuxpressoide-11.0.1_2563/ide/plugins/com.nxp.mcuxpresso.tools.linux_11.0.1.201907311258/tools/bin/../lib/gcc/arm-none-eabi/8.2.1/../../../../arm-none-eabi/lib/thumb/v6-m/nofp/libcr_c.a(_deferredlazyseek.o)
 .comment       0x0000000000000075       0x76 /usr/local/mcuxpressoide-11.0.1_2563/ide/plugins/com.nxp.mcuxpresso.tools.linux_11.0.1.201907311258/tools/bin/../lib/gcc/arm-none-eabi/8.2.1/../../../../arm-none-eabi/lib/thumb/v6-m/nofp/libcr_c.a(_fflush.o)
 .comment       0x0000000000000075       0x76 /usr/local/mcuxpressoide-11.0.1_2563/ide/plugins/com.nxp.mcuxpresso.tools.linux_11.0.1.201907311258/tools/bin/../lib/gcc/arm-none-eabi/8.2.1/../../../../arm-none-eabi/lib/thumb/v6-m/nofp/libcr_c.a(_writebuf.o)
 .comment       0x0000000000000075       0x76 /usr/local/mcuxpressoide-11.0.1_2563/ide/plugins/com.nxp.mcuxpresso.tools.linux_11.0.1.201907311258/tools/bin/../lib/gcc/arm-none-eabi/8.2.1/../../../../arm-none-eabi/lib/thumb/v6-m/nofp/libcr_c.a(alloc.o)
 .comment       0x0000000000000075       0x76 /usr/local/mcuxpressoide-11.0.1_2563/ide/plugins/com.nxp.mcuxpresso.tools.linux_11.0.1.201907311258/tools/bin/../lib/gcc/arm-none-eabi/8.2.1/../../../../arm-none-eabi/lib/thumb/v6-m/nofp/libcr_c.a(errno.o)
 .comment       0x0000000000000075       0x76 /usr/local/mcuxpressoide-11.0.1_2563/ide/plugins/com.nxp.mcuxpresso.tools.linux_11.0.1.201907311258/tools/bin/../lib/gcc/arm-none-eabi/8.2.1/../../../../arm-none-eabi/lib/thumb/v6-m/nofp/libcr_c.a(fputs.o)
 .comment       0x0000000000000075       0x76 /usr/local/mcuxpressoide-11.0.1_2563/ide/plugins/com.nxp.mcuxpresso.tools.linux_11.0.1.201907311258/tools/bin/../lib/gcc/arm-none-eabi/8.2.1/../../../../arm-none-eabi/lib/thumb/v6-m/nofp/libcr_c.a(fseek.o)
 .comment       0x0000000000000075       0x76 /usr/local/mcuxpressoide-11.0.1_2563/ide/plugins/com.nxp.mcuxpresso.tools.linux_11.0.1.201907311258/tools/bin/../lib/gcc/arm-none-eabi/8.2.1/../../../../arm-none-eabi/lib/thumb/v6-m/nofp/libcr_c.a(ftell.o)
 .comment       0x0000000000000075       0x76 /usr/local/mcuxpressoide-11.0.1_2563/ide/plugins/com.nxp.mcuxpresso.tools.linux_11.0.1.201907311258/tools/bin/../lib/gcc/arm-none-eabi/8.2.1/../../../../arm-none-eabi/lib/thumb/v6-m/nofp/libcr_c.a(initio.o)
 .comment       0x0000000000000075       0x76 /usr/local/mcuxpressoide-11.0.1_2563/ide/plugins/com.nxp.mcuxpresso.tools.linux_11.0.1.201907311258/tools/bin/../lib/gcc/arm-none-eabi/8.2.1/../../../../arm-none-eabi/lib/thumb/v6-m/nofp/libcr_c.a(printf.o)
 .comment       0x0000000000000075       0x76 /usr/local/mcuxpressoide-11.0.1_2563/ide/plugins/com.nxp.mcuxpresso.tools.linux_11.0.1.201907311258/tools/bin/../lib/gcc/arm-none-eabi/8.2.1/../../../../arm-none-eabi/lib/thumb/v6-m/nofp/libcr_c.a(setvbuf.o)
 .comment       0x0000000000000075       0x76 /usr/local/mcuxpressoide-11.0.1_2563/ide/plugins/com.nxp.mcuxpresso.tools.linux_11.0.1.201907311258/tools/bin/../lib/gcc/arm-none-eabi/8.2.1/../../../../arm-none-eabi/lib/thumb/v6-m/nofp/libcr_c.a(strlen.o)
 .comment       0x0000000000000075       0x76 /usr/local/mcuxpressoide-11.0.1_2563/ide/plugins/com.nxp.mcuxpresso.tools.linux_11.0.1.201907311258/tools/bin/../lib/gcc/arm-none-eabi/8.2.1/../../../../arm-none-eabi/lib/thumb/v6-m/nofp/libcr_c.a(__init_alloc.o)
 .comment       0x0000000000000075       0x76 /usr/local/mcuxpressoide-11.0.1_2563/ide/plugins/com.nxp.mcuxpresso.tools.linux_11.0.1.201907311258/tools/bin/../lib/gcc/arm-none-eabi/8.2.1/../../../../arm-none-eabi/lib/thumb/v6-m/nofp/libcr_c.a(_cr_sbrk.o)
 .comment       0x0000000000000075       0x76 /usr/local/mcuxpressoide-11.0.1_2563/ide/plugins/com.nxp.mcuxpresso.tools.linux_11.0.1.201907311258/tools/bin/../lib/gcc/arm-none-eabi/8.2.1/../../../../arm-none-eabi/lib/thumb/v6-m/nofp/libcr_c.a(_fdopen.o)
 .comment       0x0000000000000075       0x76 /usr/local/mcuxpressoide-11.0.1_2563/ide/plugins/com.nxp.mcuxpresso.tools.linux_11.0.1.201907311258/tools/bin/../lib/gcc/arm-none-eabi/8.2.1/../../../../arm-none-eabi/lib/thumb/v6-m/nofp/libcr_c.a(fclose.o)
 .comment       0x0000000000000075       0x76 /usr/local/mcuxpressoide-11.0.1_2563/ide/plugins/com.nxp.mcuxpresso.tools.linux_11.0.1.201907311258/tools/bin/../lib/gcc/arm-none-eabi/8.2.1/../../../../arm-none-eabi/lib/thumb/v6-m/nofp/libcr_c.a(fflush.o)
 .comment       0x0000000000000075       0x76 /usr/local/mcuxpressoide-11.0.1_2563/ide/plugins/com.nxp.mcuxpresso.tools.linux_11.0.1.201907311258/tools/bin/../lib/gcc/arm-none-eabi/8.2.1/../../../../arm-none-eabi/lib/thumb/v6-m/nofp/libcr_c.a(remove.o)
 .comment       0x0000000000000075       0x76 /usr/local/mcuxpressoide-11.0.1_2563/ide/plugins/com.nxp.mcuxpresso.tools.linux_11.0.1.201907311258/tools/bin/../lib/gcc/arm-none-eabi/8.2.1/../../../../arm-none-eabi/lib/thumb/v6-m/nofp/libcr_c.a(_cr_check_heap.o)
 .comment       0x0000000000000075       0x76 /usr/local/mcuxpressoide-11.0.1_2563/ide/plugins/com.nxp.mcuxpresso.tools.linux_11.0.1.201907311258/tools/bin/../lib/gcc/arm-none-eabi/8.2.1/../../../../arm-none-eabi/lib/thumb/v6-m/nofp/libcr_c.a(_do_fflush.o)
 .comment       0x0000000000000075       0x76 /usr/local/mcuxpressoide-11.0.1_2563/ide/plugins/com.nxp.mcuxpresso.tools.linux_11.0.1.201907311258/tools/bin/../lib/gcc/arm-none-eabi/8.2.1/../../../../arm-none-eabi/lib/thumb/v6-m/nofp/libcr_nohost_nf.a(__sys_close.o)
 .comment       0x0000000000000075       0x76 /usr/local/mcuxpressoide-11.0.1_2563/ide/plugins/com.nxp.mcuxpresso.tools.linux_11.0.1.201907311258/tools/bin/../lib/gcc/arm-none-eabi/8.2.1/../../../../arm-none-eabi/lib/thumb/v6-m/nofp/libcr_nohost_nf.a(__sys_flen.o)
 .comment       0x0000000000000075       0x76 /usr/local/mcuxpressoide-11.0.1_2563/ide/plugins/com.nxp.mcuxpresso.tools.linux_11.0.1.201907311258/tools/bin/../lib/gcc/arm-none-eabi/8.2.1/../../../../arm-none-eabi/lib/thumb/v6-m/nofp/libcr_nohost_nf.a(__sys_istty.o)
 .comment       0x0000000000000075       0x76 /usr/local/mcuxpressoide-11.0.1_2563/ide/plugins/com.nxp.mcuxpresso.tools.linux_11.0.1.201907311258/tools/bin/../lib/gcc/arm-none-eabi/8.2.1/../../../../arm-none-eabi/lib/thumb/v6-m/nofp/libcr_nohost_nf.a(__sys_remove.o)
 .comment       0x0000000000000075       0x76 /usr/local/mcuxpressoide-11.0.1_2563/ide/plugins/com.nxp.mcuxpresso.tools.linux_11.0.1.201907311258/tools/bin/../lib/gcc/arm-none-eabi/8.2.1/../../../../arm-none-eabi/lib/thumb/v6-m/nofp/libcr_nohost_nf.a(__sys_seek.o)
 .comment       0x0000000000000075       0x76 /usr/local/mcuxpressoide-11.0.1_2563/ide/plugins/com.nxp.mcuxpresso.tools.linux_11.0.1.201907311258/tools/bin/../lib/gcc/arm-none-eabi/8.2.1/../../../../arm-none-eabi/lib/thumb/v6-m/nofp/libcr_nohost_nf.a(__sys_tmpnam.o)
 .comment       0x0000000000000075       0x76 /usr/local/mcuxpressoide-11.0.1_2563/ide/plugins/com.nxp.mcuxpresso.tools.linux_11.0.1.201907311258/tools/bin/../lib/gcc/arm-none-eabi/8.2.1/../../../../arm-none-eabi/lib/thumb/v6-m/nofp/libcr_nohost_nf.a(__sys_write.o)

.ARM.attributes
                0x0000000000000000       0x2a
 .ARM.attributes
                0x0000000000000000       0x2c ./Debug/source/led_control/led_control.o
 .ARM.attributes
                0x000000000000002c       0x2c ./Debug/source/circular_buffer/circular_buffer.o
 .ARM.attributes
                0x0000000000000058       0x2c ./Debug/source/logger/logger.o
 .ARM.attributes
                0x0000000000000084       0x2c ./Debug/source/logger/timestamp.o
 .ARM.attributes
                0x00000000000000b0       0x2c ./Debug/source/uart/uart.o
 .ARM.attributes
                0x00000000000000dc       0x2c ./Debug/startup/startup_mkl25z4.o
 .ARM.attributes
                0x0000000000000108       0x2c ./Debug/CMSIS/system_MKL25Z4.o
 .ARM.attributes
                0x0000000000000134       0x2c ./Debug/board/clock_config.o
 .ARM.attributes
                0x0000000000000160       0x2c ./Debug/board/peripherals.o
 .ARM.attributes
                0x000000000000018c       0x2c ./Debug/board/pin_mux.o
 .ARM.attributes
                0x00000000000001b8       0x2c ./Debug/drivers/fsl_clock.o
 .ARM.attributes
                0x00000000000001e4       0x2c ./Debug/drivers/fsl_lpsci.o
 .ARM.attributes
                0x0000000000000210       0x2c ./Debug/source/main.o
 .ARM.attributes
                0x000000000000023c       0x2c /usr/local/mcuxpressoide-11.0.1_2563/ide/plugins/com.nxp.mcuxpresso.tools.linux_11.0.1.201907311258/tools/bin/../lib/gcc/arm-none-eabi/8.2.1/../../../../arm-none-eabi/lib/thumb/v6-m/nofp/libcr_nohost_nf.a(_cr__main.o)
 .ARM.attributes
                0x0000000000000268       0x2c /usr/local/mcuxpressoide-11.0.1_2563/ide/plugins/com.nxp.mcuxpresso.tools.linux_11.0.1.201907311258/tools/bin/../lib/gcc/arm-none-eabi/8.2.1/../../../../arm-none-eabi/lib/thumb/v6-m/nofp/libcr_nohost_nf.a(_cr_assert.o)
 .ARM.attributes
                0x0000000000000294       0x31 /usr/local/mcuxpressoide-11.0.1_2563/ide/plugins/com.nxp.mcuxpresso.tools.linux_11.0.1.201907311258/tools/bin/../lib/gcc/arm-none-eabi/8.2.1/../../../../arm-none-eabi/lib/thumb/v6-m/nofp/libcr_nohost_nf.a(__ciob.o)
 .ARM.attributes
                0x00000000000002c5       0x2c /usr/local/mcuxpressoide-11.0.1_2563/ide/plugins/com.nxp.mcuxpresso.tools.linux_11.0.1.201907311258/tools/bin/../lib/gcc/arm-none-eabi/8.2.1/../../../../arm-none-eabi/lib/thumb/v6-m/nofp/libcr_nohost_nf.a(__sys_appexit.o)
 .ARM.attributes
                0x00000000000002f1       0x2c /usr/local/mcuxpressoide-11.0.1_2563/ide/plugins/com.nxp.mcuxpresso.tools.linux_11.0.1.201907311258/tools/bin/../lib/gcc/arm-none-eabi/8.2.1/../../../../arm-none-eabi/lib/thumb/v6-m/nofp/libcr_c.a(memset.o)
 .ARM.attributes
                0x000000000000031d       0x2c /usr/local/mcuxpressoide-11.0.1_2563/ide/plugins/com.nxp.mcuxpresso.tools.linux_11.0.1.201907311258/tools/bin/../lib/gcc/arm-none-eabi/8.2.1/../../../../arm-none-eabi/lib/thumb/v6-m/nofp/libcr_c.a(_deferredlazyseek.o)
 .ARM.attributes
                0x0000000000000349       0x2c /usr/local/mcuxpressoide-11.0.1_2563/ide/plugins/com.nxp.mcuxpresso.tools.linux_11.0.1.201907311258/tools/bin/../lib/gcc/arm-none-eabi/8.2.1/../../../../arm-none-eabi/lib/thumb/v6-m/nofp/libcr_c.a(_fflush.o)
 .ARM.attributes
                0x0000000000000375       0x2c /usr/local/mcuxpressoide-11.0.1_2563/ide/plugins/com.nxp.mcuxpresso.tools.linux_11.0.1.201907311258/tools/bin/../lib/gcc/arm-none-eabi/8.2.1/../../../../arm-none-eabi/lib/thumb/v6-m/nofp/libcr_c.a(_writebuf.o)
 .ARM.attributes
                0x00000000000003a1       0x2c /usr/local/mcuxpressoide-11.0.1_2563/ide/plugins/com.nxp.mcuxpresso.tools.linux_11.0.1.201907311258/tools/bin/../lib/gcc/arm-none-eabi/8.2.1/../../../../arm-none-eabi/lib/thumb/v6-m/nofp/libcr_c.a(alloc.o)
 .ARM.attributes
                0x00000000000003cd       0x31 /usr/local/mcuxpressoide-11.0.1_2563/ide/plugins/com.nxp.mcuxpresso.tools.linux_11.0.1.201907311258/tools/bin/../lib/gcc/arm-none-eabi/8.2.1/../../../../arm-none-eabi/lib/thumb/v6-m/nofp/libcr_c.a(errno.o)
 .ARM.attributes
                0x00000000000003fe       0x2c /usr/local/mcuxpressoide-11.0.1_2563/ide/plugins/com.nxp.mcuxpresso.tools.linux_11.0.1.201907311258/tools/bin/../lib/gcc/arm-none-eabi/8.2.1/../../../../arm-none-eabi/lib/thumb/v6-m/nofp/libcr_c.a(fputs.o)
 .ARM.attributes
                0x000000000000042a       0x2c /usr/local/mcuxpressoide-11.0.1_2563/ide/plugins/com.nxp.mcuxpresso.tools.linux_11.0.1.201907311258/tools/bin/../lib/gcc/arm-none-eabi/8.2.1/../../../../arm-none-eabi/lib/thumb/v6-m/nofp/libcr_c.a(fseek.o)
 .ARM.attributes
                0x0000000000000456       0x2c /usr/local/mcuxpressoide-11.0.1_2563/ide/plugins/com.nxp.mcuxpresso.tools.linux_11.0.1.201907311258/tools/bin/../lib/gcc/arm-none-eabi/8.2.1/../../../../arm-none-eabi/lib/thumb/v6-m/nofp/libcr_c.a(ftell.o)
 .ARM.attributes
                0x0000000000000482       0x2c /usr/local/mcuxpressoide-11.0.1_2563/ide/plugins/com.nxp.mcuxpresso.tools.linux_11.0.1.201907311258/tools/bin/../lib/gcc/arm-none-eabi/8.2.1/../../../../arm-none-eabi/lib/thumb/v6-m/nofp/libcr_c.a(initio.o)
 .ARM.attributes
                0x00000000000004ae       0x2c /usr/local/mcuxpressoide-11.0.1_2563/ide/plugins/com.nxp.mcuxpresso.tools.linux_11.0.1.201907311258/tools/bin/../lib/gcc/arm-none-eabi/8.2.1/../../../../arm-none-eabi/lib/thumb/v6-m/nofp/libcr_c.a(printf.o)
 .ARM.attributes
                0x00000000000004da       0x2c /usr/local/mcuxpressoide-11.0.1_2563/ide/plugins/com.nxp.mcuxpresso.tools.linux_11.0.1.201907311258/tools/bin/../lib/gcc/arm-none-eabi/8.2.1/../../../../arm-none-eabi/lib/thumb/v6-m/nofp/libcr_c.a(setvbuf.o)
 .ARM.attributes
                0x0000000000000506       0x2c /usr/local/mcuxpressoide-11.0.1_2563/ide/plugins/com.nxp.mcuxpresso.tools.linux_11.0.1.201907311258/tools/bin/../lib/gcc/arm-none-eabi/8.2.1/../../../../arm-none-eabi/lib/thumb/v6-m/nofp/libcr_c.a(strlen.o)
 .ARM.attributes
                0x0000000000000532       0x2c /usr/local/mcuxpressoide-11.0.1_2563/ide/plugins/com.nxp.mcuxpresso.tools.linux_11.0.1.201907311258/tools/bin/../lib/gcc/arm-none-eabi/8.2.1/../../../../arm-none-eabi/lib/thumb/v6-m/nofp/libcr_c.a(__init_alloc.o)
 .ARM.attributes
                0x000000000000055e       0x2c /usr/local/mcuxpressoide-11.0.1_2563/ide/plugins/com.nxp.mcuxpresso.tools.linux_11.0.1.201907311258/tools/bin/../lib/gcc/arm-none-eabi/8.2.1/../../../../arm-none-eabi/lib/thumb/v6-m/nofp/libcr_c.a(_cr_sbrk.o)
 .ARM.attributes
                0x000000000000058a       0x2c /usr/local/mcuxpressoide-11.0.1_2563/ide/plugins/com.nxp.mcuxpresso.tools.linux_11.0.1.201907311258/tools/bin/../lib/gcc/arm-none-eabi/8.2.1/../../../../arm-none-eabi/lib/thumb/v6-m/nofp/libcr_c.a(_fdopen.o)
 .ARM.attributes
                0x00000000000005b6       0x2c /usr/local/mcuxpressoide-11.0.1_2563/ide/plugins/com.nxp.mcuxpresso.tools.linux_11.0.1.201907311258/tools/bin/../lib/gcc/arm-none-eabi/8.2.1/../../../../arm-none-eabi/lib/thumb/v6-m/nofp/libcr_c.a(fclose.o)
 .ARM.attributes
                0x00000000000005e2       0x2c /usr/local/mcuxpressoide-11.0.1_2563/ide/plugins/com.nxp.mcuxpresso.tools.linux_11.0.1.201907311258/tools/bin/../lib/gcc/arm-none-eabi/8.2.1/../../../../arm-none-eabi/lib/thumb/v6-m/nofp/libcr_c.a(fflush.o)
 .ARM.attributes
                0x000000000000060e       0x2c /usr/local/mcuxpressoide-11.0.1_2563/ide/plugins/com.nxp.mcuxpresso.tools.linux_11.0.1.201907311258/tools/bin/../lib/gcc/arm-none-eabi/8.2.1/../../../../arm-none-eabi/lib/thumb/v6-m/nofp/libcr_c.a(remove.o)
 .ARM.attributes
                0x000000000000063a       0x2c /usr/local/mcuxpressoide-11.0.1_2563/ide/plugins/com.nxp.mcuxpresso.tools.linux_11.0.1.201907311258/tools/bin/../lib/gcc/arm-none-eabi/8.2.1/../../../../arm-none-eabi/lib/thumb/v6-m/nofp/libcr_c.a(_cr_check_heap.o)
 .ARM.attributes
                0x0000000000000666       0x2c /usr/local/mcuxpressoide-11.0.1_2563/ide/plugins/com.nxp.mcuxpresso.tools.linux_11.0.1.201907311258/tools/bin/../lib/gcc/arm-none-eabi/8.2.1/../../../../arm-none-eabi/lib/thumb/v6-m/nofp/libcr_c.a(_do_fflush.o)
 .ARM.attributes
                0x0000000000000692       0x1c /usr/local/mcuxpressoide-11.0.1_2563/ide/plugins/com.nxp.mcuxpresso.tools.linux_11.0.1.201907311258/tools/bin/../lib/gcc/arm-none-eabi/8.2.1/thumb/v6-m/nofp/libcr_eabihelpers.a(division_32.o)
 .ARM.attributes
                0x00000000000006ae       0x1c /usr/local/mcuxpressoide-11.0.1_2563/ide/plugins/com.nxp.mcuxpresso.tools.linux_11.0.1.201907311258/tools/bin/../lib/gcc/arm-none-eabi/8.2.1/thumb/v6-m/nofp/libcr_eabihelpers.a(division_idiv0.o)
 .ARM.attributes
                0x00000000000006ca       0x1c /usr/local/mcuxpressoide-11.0.1_2563/ide/plugins/com.nxp.mcuxpresso.tools.linux_11.0.1.201907311258/tools/bin/../lib/gcc/arm-none-eabi/8.2.1/thumb/v6-m/nofp/libcr_eabihelpers.a(llong.o)
 .ARM.attributes
                0x00000000000006e6       0x1c /usr/local/mcuxpressoide-11.0.1_2563/ide/plugins/com.nxp.mcuxpresso.tools.linux_11.0.1.201907311258/tools/bin/../lib/gcc/arm-none-eabi/8.2.1/thumb/v6-m/nofp/libcr_eabihelpers.a(memcpy.o)
 .ARM.attributes
                0x0000000000000702       0x2c /usr/local/mcuxpressoide-11.0.1_2563/ide/plugins/com.nxp.mcuxpresso.tools.linux_11.0.1.201907311258/tools/bin/../lib/gcc/arm-none-eabi/8.2.1/../../../../arm-none-eabi/lib/thumb/v6-m/nofp/libcr_nohost_nf.a(__sys_close.o)
 .ARM.attributes
                0x000000000000072e       0x2c /usr/local/mcuxpressoide-11.0.1_2563/ide/plugins/com.nxp.mcuxpresso.tools.linux_11.0.1.201907311258/tools/bin/../lib/gcc/arm-none-eabi/8.2.1/../../../../arm-none-eabi/lib/thumb/v6-m/nofp/libcr_nohost_nf.a(__sys_flen.o)
 .ARM.attributes
                0x000000000000075a       0x2c /usr/local/mcuxpressoide-11.0.1_2563/ide/plugins/com.nxp.mcuxpresso.tools.linux_11.0.1.201907311258/tools/bin/../lib/gcc/arm-none-eabi/8.2.1/../../../../arm-none-eabi/lib/thumb/v6-m/nofp/libcr_nohost_nf.a(__sys_istty.o)
 .ARM.attributes
                0x0000000000000786       0x2c /usr/local/mcuxpressoide-11.0.1_2563/ide/plugins/com.nxp.mcuxpresso.tools.linux_11.0.1.201907311258/tools/bin/../lib/gcc/arm-none-eabi/8.2.1/../../../../arm-none-eabi/lib/thumb/v6-m/nofp/libcr_nohost_nf.a(__sys_remove.o)
 .ARM.attributes
                0x00000000000007b2       0x2c /usr/local/mcuxpressoide-11.0.1_2563/ide/plugins/com.nxp.mcuxpresso.tools.linux_11.0.1.201907311258/tools/bin/../lib/gcc/arm-none-eabi/8.2.1/../../../../arm-none-eabi/lib/thumb/v6-m/nofp/libcr_nohost_nf.a(__sys_seek.o)
 .ARM.attributes
                0x00000000000007de       0x2c /usr/local/mcuxpressoide-11.0.1_2563/ide/plugins/com.nxp.mcuxpresso.tools.linux_11.0.1.201907311258/tools/bin/../lib/gcc/arm-none-eabi/8.2.1/../../../../arm-none-eabi/lib/thumb/v6-m/nofp/libcr_nohost_nf.a(__sys_tmpnam.o)
 .ARM.attributes
                0x000000000000080a       0x2c /usr/local/mcuxpressoide-11.0.1_2563/ide/plugins/com.nxp.mcuxpresso.tools.linux_11.0.1.201907311258/tools/bin/../lib/gcc/arm-none-eabi/8.2.1/../../../../arm-none-eabi/lib/thumb/v6-m/nofp/libcr_nohost_nf.a(__sys_write.o)

.debug_frame    0x0000000000000000     0x1544
 .debug_frame   0x0000000000000000       0x68 ./Debug/source/led_control/led_control.o
 .debug_frame   0x0000000000000068       0xf0 ./Debug/source/circular_buffer/circular_buffer.o
 .debug_frame   0x0000000000000158       0x8c ./Debug/source/logger/logger.o
 .debug_frame   0x00000000000001e4       0xa8 ./Debug/source/logger/timestamp.o
 .debug_frame   0x000000000000028c      0x1e0 ./Debug/source/uart/uart.o
 .debug_frame   0x000000000000046c      0x3b0 ./Debug/startup/startup_mkl25z4.o
 .debug_frame   0x000000000000081c       0x4c ./Debug/CMSIS/system_MKL25Z4.o
 .debug_frame   0x0000000000000868      0x100 ./Debug/board/clock_config.o
 .debug_frame   0x0000000000000968       0x2c ./Debug/board/peripherals.o
 .debug_frame   0x0000000000000994       0x88 ./Debug/board/pin_mux.o
 .debug_frame   0x0000000000000a1c      0x6e0 ./Debug/drivers/fsl_clock.o
 .debug_frame   0x00000000000010fc      0x418 ./Debug/drivers/fsl_lpsci.o
 .debug_frame   0x0000000000001514       0x30 ./Debug/source/main.o

Cross Reference Table

Symbol                                            File
ADC0_DriverIRQHandler                             ./Debug/startup/startup_mkl25z4.o
ADC0_IRQHandler                                   ./Debug/startup/startup_mkl25z4.o
BOARD_BootClockRUN                                ./Debug/board/clock_config.o
BOARD_BootClockVLPR                               ./Debug/board/clock_config.o
BOARD_InitBootClocks                              ./Debug/board/clock_config.o
                                                  ./Debug/source/main.o
BOARD_InitBootPeripherals                         ./Debug/board/peripherals.o
                                                  ./Debug/source/main.o
BOARD_InitBootPins                                ./Debug/board/pin_mux.o
                                                  ./Debug/source/main.o
BOARD_InitPins                                    ./Debug/board/pin_mux.o
CLOCK_BootToBlpeMode                              ./Debug/drivers/fsl_clock.o
CLOCK_BootToBlpiMode                              ./Debug/drivers/fsl_clock.o
                                                  ./Debug/board/clock_config.o
CLOCK_BootToFeeMode                               ./Debug/drivers/fsl_clock.o
CLOCK_BootToFeiMode                               ./Debug/drivers/fsl_clock.o
CLOCK_BootToPeeMode                               ./Debug/drivers/fsl_clock.o
                                                  ./Debug/board/clock_config.o
CLOCK_CalcPllDiv                                  ./Debug/drivers/fsl_clock.o
CLOCK_ClearStatusFlags                            ./Debug/drivers/fsl_clock.o
CLOCK_DeinitOsc0                                  ./Debug/drivers/fsl_clock.o
CLOCK_EnablePll0                                  ./Debug/drivers/fsl_clock.o
CLOCK_EnableUsbfs0Clock                           ./Debug/drivers/fsl_clock.o
CLOCK_ExternalModeToFbeModeQuick                  ./Debug/drivers/fsl_clock.o
CLOCK_FllStableDelay                              ./Debug/drivers/fsl_clock.o
CLOCK_GetBusClkFreq                               ./Debug/drivers/fsl_clock.o
CLOCK_GetCoreSysClkFreq                           ./Debug/drivers/fsl_clock.o
CLOCK_GetEr32kClkFreq                             ./Debug/drivers/fsl_clock.o
CLOCK_GetFixedFreqClkFreq                         ./Debug/drivers/fsl_clock.o
CLOCK_GetFlashClkFreq                             ./Debug/drivers/fsl_clock.o
CLOCK_GetFllFreq                                  ./Debug/drivers/fsl_clock.o
CLOCK_GetFreq                                     ./Debug/drivers/fsl_clock.o
CLOCK_GetInternalRefClkFreq                       ./Debug/drivers/fsl_clock.o
CLOCK_GetMode                                     ./Debug/drivers/fsl_clock.o
CLOCK_GetOsc0ErClkFreq                            ./Debug/drivers/fsl_clock.o
CLOCK_GetOutClkFreq                               ./Debug/drivers/fsl_clock.o
CLOCK_GetPlatClkFreq                              ./Debug/drivers/fsl_clock.o
CLOCK_GetPll0Freq                                 ./Debug/drivers/fsl_clock.o
CLOCK_GetPllFllSelClkFreq                         ./Debug/drivers/fsl_clock.o
CLOCK_GetStatusFlags                              ./Debug/drivers/fsl_clock.o
CLOCK_InitOsc0                                    ./Debug/drivers/fsl_clock.o
                                                  ./Debug/board/clock_config.o
CLOCK_InternalModeToFbiModeQuick                  ./Debug/drivers/fsl_clock.o
CLOCK_SetBlpeMode                                 ./Debug/drivers/fsl_clock.o
CLOCK_SetBlpiMode                                 ./Debug/drivers/fsl_clock.o
CLOCK_SetExternalRefClkConfig                     ./Debug/drivers/fsl_clock.o
CLOCK_SetFbeMode                                  ./Debug/drivers/fsl_clock.o
CLOCK_SetFbiMode                                  ./Debug/drivers/fsl_clock.o
CLOCK_SetFeeMode                                  ./Debug/drivers/fsl_clock.o
CLOCK_SetFeiMode                                  ./Debug/drivers/fsl_clock.o
CLOCK_SetInternalRefClkConfig                     ./Debug/drivers/fsl_clock.o
                                                  ./Debug/board/clock_config.o
CLOCK_SetMcgConfig                                ./Debug/drivers/fsl_clock.o
CLOCK_SetOsc0MonitorMode                          ./Debug/drivers/fsl_clock.o
CLOCK_SetPbeMode                                  ./Debug/drivers/fsl_clock.o
CLOCK_SetPeeMode                                  ./Debug/drivers/fsl_clock.o
CLOCK_SetPll0MonitorMode                          ./Debug/drivers/fsl_clock.o
CLOCK_SetSimConfig                                ./Debug/drivers/fsl_clock.o
                                                  ./Debug/board/clock_config.o
CLOCK_TrimInternalRefClk                          ./Debug/drivers/fsl_clock.o
CMP0_DriverIRQHandler                             ./Debug/startup/startup_mkl25z4.o
CMP0_IRQHandler                                   ./Debug/startup/startup_mkl25z4.o
DAC0_DriverIRQHandler                             ./Debug/startup/startup_mkl25z4.o
DAC0_IRQHandler                                   ./Debug/startup/startup_mkl25z4.o
DMA0_DriverIRQHandler                             ./Debug/startup/startup_mkl25z4.o
DMA0_IRQHandler                                   ./Debug/startup/startup_mkl25z4.o
DMA1_DriverIRQHandler                             ./Debug/startup/startup_mkl25z4.o
DMA1_IRQHandler                                   ./Debug/startup/startup_mkl25z4.o
DMA2_DriverIRQHandler                             ./Debug/startup/startup_mkl25z4.o
DMA2_IRQHandler                                   ./Debug/startup/startup_mkl25z4.o
DMA3_DriverIRQHandler                             ./Debug/startup/startup_mkl25z4.o
DMA3_IRQHandler                                   ./Debug/startup/startup_mkl25z4.o
FLASH_Erase                                       ./Debug/drivers/fsl_flash.o
FLASH_EraseAll                                    ./Debug/drivers/fsl_flash.o
FLASH_EraseAllExecuteOnlySegments                 ./Debug/drivers/fsl_flash.o
FLASH_GetProperty                                 ./Debug/drivers/fsl_flash.o
FLASH_GetSecurityState                            ./Debug/drivers/fsl_flash.o
FLASH_Init                                        ./Debug/drivers/fsl_flash.o
FLASH_IsExecuteOnly                               ./Debug/drivers/fsl_flash.o
FLASH_IsProtected                                 ./Debug/drivers/fsl_flash.o
FLASH_PflashGetPrefetchSpeculation                ./Debug/drivers/fsl_flash.o
FLASH_PflashGetProtection                         ./Debug/drivers/fsl_flash.o
FLASH_PflashSetPrefetchSpeculation                ./Debug/drivers/fsl_flash.o
                                                  ./Debug/drivers/fsl_smc.o
FLASH_PflashSetProtection                         ./Debug/drivers/fsl_flash.o
FLASH_PrepareExecuteInRamFunctions                ./Debug/drivers/fsl_flash.o
FLASH_Program                                     ./Debug/drivers/fsl_flash.o
FLASH_ProgramOnce                                 ./Debug/drivers/fsl_flash.o
FLASH_ReadOnce                                    ./Debug/drivers/fsl_flash.o
FLASH_ReadResource                                ./Debug/drivers/fsl_flash.o
FLASH_SecurityBypass                              ./Debug/drivers/fsl_flash.o
FLASH_SetCallback                                 ./Debug/drivers/fsl_flash.o
FLASH_SetProperty                                 ./Debug/drivers/fsl_flash.o
FLASH_VerifyErase                                 ./Debug/drivers/fsl_flash.o
FLASH_VerifyEraseAll                              ./Debug/drivers/fsl_flash.o
FLASH_VerifyEraseAllExecuteOnlySegments           ./Debug/drivers/fsl_flash.o
FLASH_VerifyProgram                               ./Debug/drivers/fsl_flash.o
FTFA_DriverIRQHandler                             ./Debug/startup/startup_mkl25z4.o
FTFA_IRQHandler                                   ./Debug/startup/startup_mkl25z4.o
Flash_Config                                      ./Debug/startup/startup_mkl25z4.o
GPIO_ClearPinsInterruptFlags                      ./Debug/drivers/fsl_gpio.o
GPIO_GetPinsInterruptFlags                        ./Debug/drivers/fsl_gpio.o
GPIO_PinInit                                      ./Debug/drivers/fsl_gpio.o
Get_Error_Message                                 ./Debug/source/logger/errno.o
                                                  ./Debug/source/uart/uart.o
Get_Log_Level                                     ./Debug/source/logger/logger.o
HardFault_Handler                                 ./Debug/startup/startup_mkl25z4.o
I2C0_DriverIRQHandler                             ./Debug/startup/startup_mkl25z4.o
I2C0_IRQHandler                                   ./Debug/startup/startup_mkl25z4.o
I2C1_DriverIRQHandler                             ./Debug/startup/startup_mkl25z4.o
I2C1_IRQHandler                                   ./Debug/startup/startup_mkl25z4.o
Init                                              ./Debug/source/logger/logger.o
InstallIRQHandler                                 ./Debug/drivers/fsl_common.o
IntDefaultHandler                                 ./Debug/startup/startup_mkl25z4.o
LED_Init                                          ./Debug/source/led_control/led_control.o
                                                  ./Debug/source/main.o
LLWU_DriverIRQHandler                             ./Debug/startup/startup_mkl25z4.o
LLWU_IRQHandler                                   ./Debug/startup/startup_mkl25z4.o
LPSCI_ClearStatusFlags                            ./Debug/drivers/fsl_lpsci.o
LPSCI_Deinit                                      ./Debug/drivers/fsl_lpsci.o
LPSCI_DisableInterrupts                           ./Debug/drivers/fsl_lpsci.o
LPSCI_EnableInterrupts                            ./Debug/drivers/fsl_lpsci.o
LPSCI_GetDefaultConfig                            ./Debug/drivers/fsl_lpsci.o
LPSCI_GetEnabledInterrupts                        ./Debug/drivers/fsl_lpsci.o
LPSCI_GetInstance                                 ./Debug/drivers/fsl_lpsci.o
LPSCI_GetStatusFlags                              ./Debug/drivers/fsl_lpsci.o
LPSCI_Init                                        ./Debug/drivers/fsl_lpsci.o
LPSCI_ReadBlocking                                ./Debug/drivers/fsl_lpsci.o
LPSCI_SetBaudRate                                 ./Debug/drivers/fsl_lpsci.o
LPSCI_TransferAbortReceive                        ./Debug/drivers/fsl_lpsci.o
LPSCI_TransferAbortSend                           ./Debug/drivers/fsl_lpsci.o
LPSCI_TransferCreateHandle                        ./Debug/drivers/fsl_lpsci.o
LPSCI_TransferGetReceiveCount                     ./Debug/drivers/fsl_lpsci.o
LPSCI_TransferGetSendCount                        ./Debug/drivers/fsl_lpsci.o
LPSCI_TransferHandleErrorIRQ                      ./Debug/drivers/fsl_lpsci.o
LPSCI_TransferHandleIRQ                           ./Debug/drivers/fsl_lpsci.o
LPSCI_TransferReceiveNonBlocking                  ./Debug/drivers/fsl_lpsci.o
LPSCI_TransferSendNonBlocking                     ./Debug/drivers/fsl_lpsci.o
LPSCI_TransferStartRingBuffer                     ./Debug/drivers/fsl_lpsci.o
LPSCI_TransferStopRingBuffer                      ./Debug/drivers/fsl_lpsci.o
LPSCI_WriteBlocking                               ./Debug/drivers/fsl_lpsci.o
LPTMR0_DriverIRQHandler                           ./Debug/startup/startup_mkl25z4.o
LPTMR0_IRQHandler                                 ./Debug/startup/startup_mkl25z4.o
LVD_LVW_DriverIRQHandler                          ./Debug/startup/startup_mkl25z4.o
LVD_LVW_IRQHandler                                ./Debug/startup/startup_mkl25z4.o
Log_Write                                         ./Debug/source/logger/logger.o
MCG_DriverIRQHandler                              ./Debug/startup/startup_mkl25z4.o
MCG_IRQHandler                                    ./Debug/startup/startup_mkl25z4.o
NMI_Handler                                       ./Debug/startup/startup_mkl25z4.o
PIT_DriverIRQHandler                              ./Debug/startup/startup_mkl25z4.o
PIT_IRQHandler                                    ./Debug/startup/startup_mkl25z4.o
PORTA_DriverIRQHandler                            ./Debug/startup/startup_mkl25z4.o
PORTA_IRQHandler                                  ./Debug/startup/startup_mkl25z4.o
PORTD_DriverIRQHandler                            ./Debug/startup/startup_mkl25z4.o
PORTD_IRQHandler                                  ./Debug/startup/startup_mkl25z4.o
PendSV_Handler                                    ./Debug/startup/startup_mkl25z4.o
RTC_DriverIRQHandler                              ./Debug/startup/startup_mkl25z4.o
RTC_IRQHandler                                    ./Debug/startup/startup_mkl25z4.o
RTC_Seconds_DriverIRQHandler                      ./Debug/startup/startup_mkl25z4.o
RTC_Seconds_IRQHandler                            ./Debug/startup/startup_mkl25z4.o
Reserved20_DriverIRQHandler                       ./Debug/startup/startup_mkl25z4.o
Reserved20_IRQHandler                             ./Debug/startup/startup_mkl25z4.o
Reserved39_DriverIRQHandler                       ./Debug/startup/startup_mkl25z4.o
Reserved39_IRQHandler                             ./Debug/startup/startup_mkl25z4.o
Reserved45_DriverIRQHandler                       ./Debug/startup/startup_mkl25z4.o
Reserved45_IRQHandler                             ./Debug/startup/startup_mkl25z4.o
ResetISR                                          ./Debug/startup/startup_mkl25z4.o
SMC_PostExitStopModes                             ./Debug/drivers/fsl_smc.o
SMC_PreEnterStopModes                             ./Debug/drivers/fsl_smc.o
SMC_SetPowerModeLls                               ./Debug/drivers/fsl_smc.o
SMC_SetPowerModeRun                               ./Debug/drivers/fsl_smc.o
SMC_SetPowerModeStop                              ./Debug/drivers/fsl_smc.o
SMC_SetPowerModeVlls                              ./Debug/drivers/fsl_smc.o
SMC_SetPowerModeVlpr                              ./Debug/drivers/fsl_smc.o
                                                  ./Debug/board/clock_config.o
SMC_SetPowerModeVlps                              ./Debug/drivers/fsl_smc.o
SMC_SetPowerModeVlpw                              ./Debug/drivers/fsl_smc.o
SMC_SetPowerModeWait                              ./Debug/drivers/fsl_smc.o
SPI0_DriverIRQHandler                             ./Debug/startup/startup_mkl25z4.o
SPI0_IRQHandler                                   ./Debug/startup/startup_mkl25z4.o
SPI1_DriverIRQHandler                             ./Debug/startup/startup_mkl25z4.o
SPI1_IRQHandler                                   ./Debug/startup/startup_mkl25z4.o
SVC_Handler                                       ./Debug/startup/startup_mkl25z4.o
Set_Log_Level                                     ./Debug/source/logger/logger.o
SysTick_Handler                                   ./Debug/source/logger/timestamp.o
SystemCoreClock                                   ./Debug/CMSIS/system_MKL25Z4.o
                                                  ./Debug/board/clock_config.o
SystemCoreClockUpdate                             ./Debug/CMSIS/system_MKL25Z4.o
SystemInit                                        ./Debug/CMSIS/system_MKL25Z4.o
                                                  ./Debug/startup/startup_mkl25z4.o
System_Init                                       ./Debug/source/uctest/System.o
System_Recover                                    ./Debug/source/uctest/System.o
System_Safestate                                  ./Debug/source/uctest/System.o
System_Shutdown                                   ./Debug/source/uctest/System.o
System_WriteInt                                   ./Debug/source/uctest/System.o
System_WriteString                                ./Debug/source/uctest/System.o
TPM0_DriverIRQHandler                             ./Debug/startup/startup_mkl25z4.o
TPM0_IRQHandler                                   ./Debug/startup/startup_mkl25z4.o
TPM1_DriverIRQHandler                             ./Debug/startup/startup_mkl25z4.o
TPM1_IRQHandler                                   ./Debug/startup/startup_mkl25z4.o
TPM2_DriverIRQHandler                             ./Debug/startup/startup_mkl25z4.o
TPM2_IRQHandler                                   ./Debug/startup/startup_mkl25z4.o
TSI0_DriverIRQHandler                             ./Debug/startup/startup_mkl25z4.o
TSI0_IRQHandler                                   ./Debug/startup/startup_mkl25z4.o
Turn_Off_LEDs                                     ./Debug/source/led_control/led_control.o
Turn_On_Only_LED                                  ./Debug/source/led_control/led_control.o
                                                  ./Debug/source/uart/uart.o
UART0_DriverIRQHandler                            ./Debug/drivers/fsl_lpsci.o
                                                  ./Debug/startup/startup_mkl25z4.o
UART0_IRQHandler                                  ./Debug/startup/startup_mkl25z4.o
UART1_DriverIRQHandler                            ./Debug/startup/startup_mkl25z4.o
UART1_IRQHandler                                  ./Debug/startup/startup_mkl25z4.o
UART2_DriverIRQHandler                            ./Debug/startup/startup_mkl25z4.o
UART2_IRQHandler                                  ./Debug/startup/startup_mkl25z4.o
USB0_DriverIRQHandler                             ./Debug/startup/startup_mkl25z4.o
USB0_IRQHandler                                   ./Debug/startup/startup_mkl25z4.o
_Csys_alloc                                       /usr/local/mcuxpressoide-11.0.1_2563/ide/plugins/com.nxp.mcuxpresso.tools.linux_11.0.1.201907311258/tools/bin/../lib/gcc/arm-none-eabi/8.2.1/../../../../arm-none-eabi/lib/thumb/v6-m/nofp/libcr_c.a(alloc.o)
                                                  /usr/local/mcuxpressoide-11.0.1_2563/ide/plugins/com.nxp.mcuxpresso.tools.linux_11.0.1.201907311258/tools/bin/../lib/gcc/arm-none-eabi/8.2.1/../../../../arm-none-eabi/lib/thumb/v6-m/nofp/libcr_c.a(_deferredlazyseek.o)
_Cwritebuf                                        /usr/local/mcuxpressoide-11.0.1_2563/ide/plugins/com.nxp.mcuxpresso.tools.linux_11.0.1.201907311258/tools/bin/../lib/gcc/arm-none-eabi/8.2.1/../../../../arm-none-eabi/lib/thumb/v6-m/nofp/libcr_c.a(_writebuf.o)
                                                  /usr/local/mcuxpressoide-11.0.1_2563/ide/plugins/com.nxp.mcuxpresso.tools.linux_11.0.1.201907311258/tools/bin/../lib/gcc/arm-none-eabi/8.2.1/../../../../arm-none-eabi/lib/thumb/v6-m/nofp/libcr_c.a(_fflush.o)
                                                  /usr/local/mcuxpressoide-11.0.1_2563/ide/plugins/com.nxp.mcuxpresso.tools.linux_11.0.1.201907311258/tools/bin/../lib/gcc/arm-none-eabi/8.2.1/../../../../arm-none-eabi/lib/thumb/v6-m/nofp/libcr_c.a(_deferredlazyseek.o)
__Ciob                                            /usr/local/mcuxpressoide-11.0.1_2563/ide/plugins/com.nxp.mcuxpresso.tools.linux_11.0.1.201907311258/tools/bin/../lib/gcc/arm-none-eabi/8.2.1/../../../../arm-none-eabi/lib/thumb/v6-m/nofp/libcr_nohost_nf.a(__ciob.o)
                                                  /usr/local/mcuxpressoide-11.0.1_2563/ide/plugins/com.nxp.mcuxpresso.tools.linux_11.0.1.201907311258/tools/bin/../lib/gcc/arm-none-eabi/8.2.1/../../../../arm-none-eabi/lib/thumb/v6-m/nofp/libcr_c.a(fflush.o)
                                                  /usr/local/mcuxpressoide-11.0.1_2563/ide/plugins/com.nxp.mcuxpresso.tools.linux_11.0.1.201907311258/tools/bin/../lib/gcc/arm-none-eabi/8.2.1/../../../../arm-none-eabi/lib/thumb/v6-m/nofp/libcr_c.a(printf.o)
                                                  /usr/local/mcuxpressoide-11.0.1_2563/ide/plugins/com.nxp.mcuxpresso.tools.linux_11.0.1.201907311258/tools/bin/../lib/gcc/arm-none-eabi/8.2.1/../../../../arm-none-eabi/lib/thumb/v6-m/nofp/libcr_c.a(initio.o)
                                                  /usr/local/mcuxpressoide-11.0.1_2563/ide/plugins/com.nxp.mcuxpresso.tools.linux_11.0.1.201907311258/tools/bin/../lib/gcc/arm-none-eabi/8.2.1/../../../../arm-none-eabi/lib/thumb/v6-m/nofp/libcr_nohost_nf.a(_cr_assert.o)
__RAM_VECTOR_TABLE_SIZE_BYTES                     ./Debug/drivers/fsl_common.o
__VECTOR_RAM                                      ./Debug/drivers/fsl_common.o
__VECTOR_TABLE                                    ./Debug/drivers/fsl_common.o
__Vectors                                         ./Debug/startup/startup_mkl25z4.o
__aeabi_idiv                                      /usr/local/mcuxpressoide-11.0.1_2563/ide/plugins/com.nxp.mcuxpresso.tools.linux_11.0.1.201907311258/tools/bin/../lib/gcc/arm-none-eabi/8.2.1/thumb/v6-m/nofp/libcr_eabihelpers.a(division_32.o)
__aeabi_idiv0                                     /usr/local/mcuxpressoide-11.0.1_2563/ide/plugins/com.nxp.mcuxpresso.tools.linux_11.0.1.201907311258/tools/bin/../lib/gcc/arm-none-eabi/8.2.1/thumb/v6-m/nofp/libcr_eabihelpers.a(division_idiv0.o)
                                                  /usr/local/mcuxpressoide-11.0.1_2563/ide/plugins/com.nxp.mcuxpresso.tools.linux_11.0.1.201907311258/tools/bin/../lib/gcc/arm-none-eabi/8.2.1/thumb/v6-m/nofp/libcr_eabihelpers.a(division_32.o)
__aeabi_idivmod                                   /usr/local/mcuxpressoide-11.0.1_2563/ide/plugins/com.nxp.mcuxpresso.tools.linux_11.0.1.201907311258/tools/bin/../lib/gcc/arm-none-eabi/8.2.1/thumb/v6-m/nofp/libcr_eabihelpers.a(division_32.o)
                                                  /usr/local/mcuxpressoide-11.0.1_2563/ide/plugins/com.nxp.mcuxpresso.tools.linux_11.0.1.201907311258/tools/bin/../lib/gcc/arm-none-eabi/8.2.1/../../../../arm-none-eabi/lib/thumb/v6-m/nofp/libcr_c.a(stdlib.o)
__aeabi_lasr                                      /usr/local/mcuxpressoide-11.0.1_2563/ide/plugins/com.nxp.mcuxpresso.tools.linux_11.0.1.201907311258/tools/bin/../lib/gcc/arm-none-eabi/8.2.1/thumb/v6-m/nofp/libcr_eabihelpers.a(llong.o)
__aeabi_lcmp                                      /usr/local/mcuxpressoide-11.0.1_2563/ide/plugins/com.nxp.mcuxpresso.tools.linux_11.0.1.201907311258/tools/bin/../lib/gcc/arm-none-eabi/8.2.1/thumb/v6-m/nofp/libcr_eabihelpers.a(llong.o)
__aeabi_llsl                                      /usr/local/mcuxpressoide-11.0.1_2563/ide/plugins/com.nxp.mcuxpresso.tools.linux_11.0.1.201907311258/tools/bin/../lib/gcc/arm-none-eabi/8.2.1/thumb/v6-m/nofp/libcr_eabihelpers.a(llong.o)
__aeabi_llsr                                      /usr/local/mcuxpressoide-11.0.1_2563/ide/plugins/com.nxp.mcuxpresso.tools.linux_11.0.1.201907311258/tools/bin/../lib/gcc/arm-none-eabi/8.2.1/thumb/v6-m/nofp/libcr_eabihelpers.a(llong.o)